Archive member included to satisfy reference by file (symbol)

d:/stm32/gnu mcu eclipse/arm embedded gcc/8.2.1-1.4-20190214-0604/bin/../lib/gcc/arm-none-eabi/8.2.1/../../../../arm-none-eabi/lib/thumb/v7-m/nofp\libc_nano.a(lib_a-exit.o)
                              d:/stm32/gnu mcu eclipse/arm embedded gcc/8.2.1-1.4-20190214-0604/bin/../lib/gcc/arm-none-eabi/8.2.1/../../../../arm-none-eabi/lib/thumb/v7-m/nofp/crt0.o (exit)
d:/stm32/gnu mcu eclipse/arm embedded gcc/8.2.1-1.4-20190214-0604/bin/../lib/gcc/arm-none-eabi/8.2.1/../../../../arm-none-eabi/lib/thumb/v7-m/nofp\libc_nano.a(lib_a-impure.o)
                              d:/stm32/gnu mcu eclipse/arm embedded gcc/8.2.1-1.4-20190214-0604/bin/../lib/gcc/arm-none-eabi/8.2.1/../../../../arm-none-eabi/lib/thumb/v7-m/nofp\libc_nano.a(lib_a-exit.o) (_global_impure_ptr)
d:/stm32/gnu mcu eclipse/arm embedded gcc/8.2.1-1.4-20190214-0604/bin/../lib/gcc/arm-none-eabi/8.2.1/../../../../arm-none-eabi/lib/thumb/v7-m/nofp\libc_nano.a(lib_a-init.o)
                              d:/stm32/gnu mcu eclipse/arm embedded gcc/8.2.1-1.4-20190214-0604/bin/../lib/gcc/arm-none-eabi/8.2.1/../../../../arm-none-eabi/lib/thumb/v7-m/nofp/crt0.o (__libc_init_array)
d:/stm32/gnu mcu eclipse/arm embedded gcc/8.2.1-1.4-20190214-0604/bin/../lib/gcc/arm-none-eabi/8.2.1/../../../../arm-none-eabi/lib/thumb/v7-m/nofp\libc_nano.a(lib_a-itoa.o)
                              build/SerialTrans.o (itoa)
d:/stm32/gnu mcu eclipse/arm embedded gcc/8.2.1-1.4-20190214-0604/bin/../lib/gcc/arm-none-eabi/8.2.1/../../../../arm-none-eabi/lib/thumb/v7-m/nofp\libc_nano.a(lib_a-memcpy-stub.o)
                              build/Toshiba_TC358870_china.o (memcpy)
d:/stm32/gnu mcu eclipse/arm embedded gcc/8.2.1-1.4-20190214-0604/bin/../lib/gcc/arm-none-eabi/8.2.1/../../../../arm-none-eabi/lib/thumb/v7-m/nofp\libc_nano.a(lib_a-memset.o)
                              d:/stm32/gnu mcu eclipse/arm embedded gcc/8.2.1-1.4-20190214-0604/bin/../lib/gcc/arm-none-eabi/8.2.1/../../../../arm-none-eabi/lib/thumb/v7-m/nofp/crt0.o (memset)
d:/stm32/gnu mcu eclipse/arm embedded gcc/8.2.1-1.4-20190214-0604/bin/../lib/gcc/arm-none-eabi/8.2.1/../../../../arm-none-eabi/lib/thumb/v7-m/nofp\libc_nano.a(lib_a-sprintf.o)
                              build/main.o (sprintf)
d:/stm32/gnu mcu eclipse/arm embedded gcc/8.2.1-1.4-20190214-0604/bin/../lib/gcc/arm-none-eabi/8.2.1/../../../../arm-none-eabi/lib/thumb/v7-m/nofp\libc_nano.a(lib_a-strlen.o)
                              build/main.o (strlen)
d:/stm32/gnu mcu eclipse/arm embedded gcc/8.2.1-1.4-20190214-0604/bin/../lib/gcc/arm-none-eabi/8.2.1/../../../../arm-none-eabi/lib/thumb/v7-m/nofp\libc_nano.a(lib_a-utoa.o)
                              d:/stm32/gnu mcu eclipse/arm embedded gcc/8.2.1-1.4-20190214-0604/bin/../lib/gcc/arm-none-eabi/8.2.1/../../../../arm-none-eabi/lib/thumb/v7-m/nofp\libc_nano.a(lib_a-itoa.o) (__utoa)
d:/stm32/gnu mcu eclipse/arm embedded gcc/8.2.1-1.4-20190214-0604/bin/../lib/gcc/arm-none-eabi/8.2.1/../../../../arm-none-eabi/lib/thumb/v7-m/nofp\libc_nano.a(lib_a-nano-svfprintf.o)
                              d:/stm32/gnu mcu eclipse/arm embedded gcc/8.2.1-1.4-20190214-0604/bin/../lib/gcc/arm-none-eabi/8.2.1/../../../../arm-none-eabi/lib/thumb/v7-m/nofp\libc_nano.a(lib_a-sprintf.o) (_svfprintf_r)
d:/stm32/gnu mcu eclipse/arm embedded gcc/8.2.1-1.4-20190214-0604/bin/../lib/gcc/arm-none-eabi/8.2.1/../../../../arm-none-eabi/lib/thumb/v7-m/nofp\libc_nano.a(lib_a-nano-vfprintf_i.o)
                              d:/stm32/gnu mcu eclipse/arm embedded gcc/8.2.1-1.4-20190214-0604/bin/../lib/gcc/arm-none-eabi/8.2.1/../../../../arm-none-eabi/lib/thumb/v7-m/nofp\libc_nano.a(lib_a-nano-svfprintf.o) (_printf_i)
d:/stm32/gnu mcu eclipse/arm embedded gcc/8.2.1-1.4-20190214-0604/bin/../lib/gcc/arm-none-eabi/8.2.1/../../../../arm-none-eabi/lib/thumb/v7-m/nofp\libc_nano.a(lib_a-memchr-stub.o)
                              d:/stm32/gnu mcu eclipse/arm embedded gcc/8.2.1-1.4-20190214-0604/bin/../lib/gcc/arm-none-eabi/8.2.1/../../../../arm-none-eabi/lib/thumb/v7-m/nofp\libc_nano.a(lib_a-nano-svfprintf.o) (memchr)
d:/stm32/gnu mcu eclipse/arm embedded gcc/8.2.1-1.4-20190214-0604/bin/../lib/gcc/arm-none-eabi/8.2.1/../../../../arm-none-eabi/lib/thumb/v7-m/nofp\libc_nano.a(lib_a-memmove.o)
                              d:/stm32/gnu mcu eclipse/arm embedded gcc/8.2.1-1.4-20190214-0604/bin/../lib/gcc/arm-none-eabi/8.2.1/../../../../arm-none-eabi/lib/thumb/v7-m/nofp\libc_nano.a(lib_a-nano-svfprintf.o) (memmove)
d:/stm32/gnu mcu eclipse/arm embedded gcc/8.2.1-1.4-20190214-0604/bin/../lib/gcc/arm-none-eabi/8.2.1/../../../../arm-none-eabi/lib/thumb/v7-m/nofp\libc_nano.a(lib_a-nano-freer.o)
                              d:/stm32/gnu mcu eclipse/arm embedded gcc/8.2.1-1.4-20190214-0604/bin/../lib/gcc/arm-none-eabi/8.2.1/../../../../arm-none-eabi/lib/thumb/v7-m/nofp\libc_nano.a(lib_a-nano-svfprintf.o) (_free_r)
[...]
Memory Configuration

Name             Origin             Length             Attributes
RAM              0x0000000020000000 0x0000000000005000 xrw
FLASH            0x0000000008003000 0x0000000000010000 xr
*default*        0x0000000000000000 0xffffffffffffffff

Linker script and memory map

LOAD d:/stm32/gnu mcu eclipse/arm embedded gcc/8.2.1-1.4-20190214-0604/bin/../lib/gcc/arm-none-eabi/8.2.1/thumb/v7-m/nofp/crti.o
LOAD d:/stm32/gnu mcu eclipse/arm embedded gcc/8.2.1-1.4-20190214-0604/bin/../lib/gcc/arm-none-eabi/8.2.1/thumb/v7-m/nofp/crtbegin.o
LOAD d:/stm32/gnu mcu eclipse/arm embedded gcc/8.2.1-1.4-20190214-0604/bin/../lib/gcc/arm-none-eabi/8.2.1/../../../../arm-none-eabi/lib/thumb/v7-m/nofp/crt0.o
LOAD build/main.o
LOAD build/stm32f1xx_it.o
LOAD build/stm32f1xx_hal_msp.o
LOAD build/stm32f1xx_hal_gpio_ex.o
LOAD build/stm32f1xx_hal_tim.o
LOAD build/stm32f1xx_hal_tim_ex.o
LOAD build/stm32f1xx_hal_pcd.o
LOAD build/stm32f1xx_hal_pcd_ex.o
LOAD build/stm32f1xx_ll_usb.o
LOAD build/stm32f1xx_hal.o
LOAD build/stm32f1xx_hal_rcc.o
LOAD build/stm32f1xx_hal_rcc_ex.o
LOAD build/stm32f1xx_hal_gpio.o
LOAD build/stm32f1xx_hal_dma.o
LOAD build/stm32f1xx_hal_cortex.o
LOAD build/stm32f1xx_hal_pwr.o
LOAD build/stm32f1xx_hal_flash.o
LOAD build/stm32f1xx_hal_flash_ex.o
LOAD build/stm32f1xx_hal_exti.o
LOAD build/system_stm32f1xx.o
LOAD build/usb_device.o
LOAD build/usbd_conf.o
LOAD build/usbd_desc.o
LOAD build/usbd_core.o
LOAD build/Toshiba_TC358870_china.o
LOAD build/fonts.o
LOAD build/bno055.o
LOAD build/usbd_ctlreq.o
LOAD build/usbd_ioreq.o
LOAD build/usbd_cdc.o
LOAD build/usbd_cdc_hid.o
LOAD build/usbd_cdc_if.o
LOAD build/SerialTrans.o
LOAD build/hardware.o
LOAD build/i2cSoft.o
LOAD build/usbd_custom_hid_if.o
LOAD build/ssd1306.o
LOAD build/usbd_customhid.o
LOAD build/startup_stm32f103xb.o
LOAD d:/stm32/gnu mcu eclipse/arm embedded gcc/8.2.1-1.4-20190214-0604/bin/../lib/gcc/arm-none-eabi/8.2.1/../../../../arm-none-eabi/lib/thumb/v7-m/nofp\libc_nano.a
LOAD d:/stm32/gnu mcu eclipse/arm embedded gcc/8.2.1-1.4-20190214-0604/bin/../lib/gcc/arm-none-eabi/8.2.1/../../../../arm-none-eabi/lib/thumb/v7-m/nofp\libm.a
LOAD d:/stm32/gnu mcu eclipse/arm embedded gcc/8.2.1-1.4-20190214-0604/bin/../lib/gcc/arm-none-eabi/8.2.1/../../../../arm-none-eabi/lib/thumb/v7-m/nofp\libnosys.a
START GROUP
LOAD d:/stm32/gnu mcu eclipse/arm embedded gcc/8.2.1-1.4-20190214-0604/bin/../lib/gcc/arm-none-eabi/8.2.1/thumb/v7-m/nofp\libgcc.a
LOAD d:/stm32/gnu mcu eclipse/arm embedded gcc/8.2.1-1.4-20190214-0604/bin/../lib/gcc/arm-none-eabi/8.2.1/../../../../arm-none-eabi/lib/thumb/v7-m/nofp\libc_nano.a
END GROUP
START GROUP
LOAD d:/stm32/gnu mcu eclipse/arm embedded gcc/8.2.1-1.4-20190214-0604/bin/../lib/gcc/arm-none-eabi/8.2.1/thumb/v7-m/nofp\libgcc.a
LOAD d:/stm32/gnu mcu eclipse/arm embedded gcc/8.2.1-1.4-20190214-0604/bin/../lib/gcc/arm-none-eabi/8.2.1/../../../../arm-none-eabi/lib/thumb/v7-m/nofp\libc_nano.a
END GROUP
LOAD d:/stm32/gnu mcu eclipse/arm embedded gcc/8.2.1-1.4-20190214-0604/bin/../lib/gcc/arm-none-eabi/8.2.1/thumb/v7-m/nofp/crtend.o
LOAD d:/stm32/gnu mcu eclipse/arm embedded gcc/8.2.1-1.4-20190214-0604/bin/../lib/gcc/arm-none-eabi/8.2.1/thumb/v7-m/nofp/crtn.o
                0x0000000020005000                _estack = 0x20005000
                0x0000000000001000                _Min_Heap_Size = 0x1000
                0x0000000000002000                _Min_Stack_Size = 0x2000

.isr_vector     0x0000000008003000      0x10c
                0x0000000008003000                . = ALIGN (0x4)
 *(.isr_vector)
 .isr_vector    0x0000000008003000      0x10c build/startup_stm32f103xb.o
                0x0000000008003000                g_pfnVectors
                0x000000000800310c                . = ALIGN (0x4)

.text           0x000000000800310c     0x6464
                0x000000000800310c                . = ALIGN (0x4)
 *(.text)
 .text          0x000000000800310c       0x30 d:/stm32/gnu mcu eclipse/arm embedded gcc/8.2.1-1.4-20190214-0604/bin/../lib/gcc/arm-none-eabi/8.2.1/thumb/v7-m/nofp\libgcc.a(_aeabi_uldivmod.o)
                0x000000000800310c                __aeabi_uldivmod
 .text          0x000000000800313c        0x4 d:/stm32/gnu mcu eclipse/arm embedded gcc/8.2.1-1.4-20190214-0604/bin/../lib/gcc/arm-none-eabi/8.2.1/thumb/v7-m/nofp\libgcc.a(_dvmd_tls.o)
                0x000000000800313c                __aeabi_idiv0
                0x000000000800313c                __aeabi_ldiv0
 *(.text*)
 .text.deregister_tm_clones
                0x0000000008003140       0x1c d:/stm32/gnu mcu eclipse/arm embedded gcc/8.2.1-1.4-20190214-0604/bin/../lib/gcc/arm-none-eabi/8.2.1/thumb/v7-m/nofp/crtbegin.o
 .text.register_tm_clones
                0x000000000800315c       0x24 d:/stm32/gnu mcu eclipse/arm embedded gcc/8.2.1-1.4-20190214-0604/bin/../lib/gcc/arm-none-eabi/8.2.1/thumb/v7-m/nofp/crtbegin.o
 .text.__do_global_dtors_aux
                0x0000000008003180       0x28 d:/stm32/gnu mcu eclipse/arm embedded gcc/8.2.1-1.4-20190214-0604/bin/../lib/gcc/arm-none-eabi/8.2.1/thumb/v7-m/nofp/crtbegin.o
 .text.frame_dummy
                0x00000000080031a8       0x24 d:/stm32/gnu mcu eclipse/arm embedded gcc/8.2.1-1.4-20190214-0604/bin/../lib/gcc/arm-none-eabi/8.2.1/thumb/v7-m/nofp/crtbegin.o
 .text.MX_GPIO_Init
                0x00000000080031cc      0x150 build/main.o
 .text.GetMicros
                0x000000000800331c       0x64 build/main.o
                0x000000000800331c                GetMicros
 .text.processQuat
                0x0000000008003380       0x10 build/main.o
                0x0000000008003380                processQuat
 .text.SystemClock_Config
                0x0000000008003390       0x66 build/main.o
                0x0000000008003390                SystemClock_Config
 *fill*         0x00000000080033f6        0x2 
 .text.main     0x00000000080033f8      0x160 build/main.o
                0x00000000080033f8                main
 .text.Error_Handler
                0x0000000008003558        0x2 build/main.o
                0x0000000008003558                Error_Handler
 .text.NMI_Handler
                0x000000000800355a        0x2 build/stm32f1xx_it.o
                0x000000000800355a                NMI_Handler
 .text.HardFault_Handler
                0x000000000800355c        0x2 build/stm32f1xx_it.o
                0x000000000800355c                HardFault_Handler
 .text.MemManage_Handler
                0x000000000800355e        0x2 build/stm32f1xx_it.o
                0x000000000800355e                MemManage_Handler
 .text.BusFault_Handler
                0x0000000008003560        0x2 build/stm32f1xx_it.o
                0x0000000008003560                BusFault_Handler
 .text.UsageFault_Handler
                0x0000000008003562        0x2 build/stm32f1xx_it.o
                0x0000000008003562                UsageFault_Handler
 .text.SVC_Handler
                0x0000000008003564        0x2 build/stm32f1xx_it.o
                0x0000000008003564                SVC_Handler
 .text.DebugMon_Handler
                0x0000000008003566        0x2 build/stm32f1xx_it.o
                0x0000000008003566                DebugMon_Handler
 .text.PendSV_Handler
                0x0000000008003568        0x2 build/stm32f1xx_it.o
                0x0000000008003568                PendSV_Handler
 .text.SysTick_Handler
                0x000000000800356a        0x8 build/stm32f1xx_it.o
                0x000000000800356a                SysTick_Handler
 *fill*         0x0000000008003572        0x2 
 .text.USB_LP_CAN1_RX0_IRQHandler
                0x0000000008003574       0x10 build/stm32f1xx_it.o
                0x0000000008003574                USB_LP_CAN1_RX0_IRQHandler
 .text.HAL_MspInit
                0x0000000008003584       0x44 build/stm32f1xx_hal_msp.o
                0x0000000008003584                HAL_MspInit
 .text.HAL_PCD_Init
                0x00000000080035c8       0xf4 build/stm32f1xx_hal_pcd.o
                0x00000000080035c8                HAL_PCD_Init
 .text.HAL_PCD_Start
                0x00000000080036bc       0x2e build/stm32f1xx_hal_pcd.o
                0x00000000080036bc                HAL_PCD_Start
 .text.HAL_PCD_SetAddress
                0x00000000080036ea       0x28 build/stm32f1xx_hal_pcd.o
                0x00000000080036ea                HAL_PCD_SetAddress
 .text.HAL_PCD_EP_Open
                0x0000000008003712       0x70 build/stm32f1xx_hal_pcd.o
                0x0000000008003712                HAL_PCD_EP_Open
 .text.HAL_PCD_EP_Close
                0x0000000008003782       0x5c build/stm32f1xx_hal_pcd.o
                0x0000000008003782                HAL_PCD_EP_Close
 .text.HAL_PCD_EP_Receive
                0x00000000080037de       0x3e build/stm32f1xx_hal_pcd.o
                0x00000000080037de                HAL_PCD_EP_Receive
 .text.HAL_PCD_EP_GetRxCount
                0x000000000800381c        0xe build/stm32f1xx_hal_pcd.o
                0x000000000800381c                HAL_PCD_EP_GetRxCount
 .text.HAL_PCD_EP_Transmit
                0x000000000800382a       0x3c build/stm32f1xx_hal_pcd.o
                0x000000000800382a                HAL_PCD_EP_Transmit
 .text.PCD_EP_ISR_Handler
                0x0000000008003866      0x370 build/stm32f1xx_hal_pcd.o
 .text.HAL_PCD_IRQHandler
                0x0000000008003bd6      0x172 build/stm32f1xx_hal_pcd.o
                0x0000000008003bd6                HAL_PCD_IRQHandler
 .text.HAL_PCD_EP_SetStall
                0x0000000008003d48       0x6e build/stm32f1xx_hal_pcd.o
                0x0000000008003d48                HAL_PCD_EP_SetStall
 .text.HAL_PCD_EP_ClrStall
                0x0000000008003db6       0x6e build/stm32f1xx_hal_pcd.o
                0x0000000008003db6                HAL_PCD_EP_ClrStall
 .text.HAL_PCDEx_PMAConfig
                0x0000000008003e24       0x30 build/stm32f1xx_hal_pcd_ex.o
                0x0000000008003e24                HAL_PCDEx_PMAConfig
 .text.USB_CoreInit
                0x0000000008003e54        0xe build/stm32f1xx_ll_usb.o
                0x0000000008003e54                USB_CoreInit
 .text.USB_EnableGlobalInt
                0x0000000008003e62       0x10 build/stm32f1xx_ll_usb.o
                0x0000000008003e62                USB_EnableGlobalInt
 .text.USB_DisableGlobalInt
                0x0000000008003e72       0x14 build/stm32f1xx_ll_usb.o
                0x0000000008003e72                USB_DisableGlobalInt
 .text.USB_SetCurrentMode
                0x0000000008003e86        0x4 build/stm32f1xx_ll_usb.o
                0x0000000008003e86                USB_SetCurrentMode
 .text.USB_DevInit
                0x0000000008003e8a       0x2c build/stm32f1xx_ll_usb.o
                0x0000000008003e8a                USB_DevInit
 .text.USB_ActivateEndpoint
                0x0000000008003eb6      0x368 build/stm32f1xx_ll_usb.o
                0x0000000008003eb6                USB_ActivateEndpoint
 .text.USB_DeactivateEndpoint
                0x000000000800421e      0x1d4 build/stm32f1xx_ll_usb.o
                0x000000000800421e                USB_DeactivateEndpoint
 .text.USB_EPSetStall
                0x00000000080043f2       0x4a build/stm32f1xx_ll_usb.o
                0x00000000080043f2                USB_EPSetStall
 .text.USB_EPClearStall
                0x000000000800443c       0xa2 build/stm32f1xx_ll_usb.o
                0x000000000800443c                USB_EPClearStall
 .text.USB_SetDevAddress
                0x00000000080044de        0xc build/stm32f1xx_ll_usb.o
                0x00000000080044de                USB_SetDevAddress
 .text.USB_DevConnect
                0x00000000080044ea        0x4 build/stm32f1xx_ll_usb.o
                0x00000000080044ea                USB_DevConnect
 .text.USB_DevDisconnect
                0x00000000080044ee        0x4 build/stm32f1xx_ll_usb.o
                0x00000000080044ee                USB_DevDisconnect
 .text.USB_ReadInterrupts
                0x00000000080044f2        0x6 build/stm32f1xx_ll_usb.o
                0x00000000080044f2                USB_ReadInterrupts
 .text.USB_EP0_OutStart
                0x00000000080044f8        0x4 build/stm32f1xx_ll_usb.o
                0x00000000080044f8                USB_EP0_OutStart
 .text.USB_WritePMA
                0x00000000080044fc       0x2a build/stm32f1xx_ll_usb.o
                0x00000000080044fc                USB_WritePMA
 .text.USB_EPStartXfer
                0x0000000008004526      0x320 build/stm32f1xx_ll_usb.o
                0x0000000008004526                USB_EPStartXfer
 .text.USB_ReadPMA
                0x0000000008004846       0x2e build/stm32f1xx_ll_usb.o
                0x0000000008004846                USB_ReadPMA
 .text.HAL_InitTick
                0x0000000008004874       0x4c build/stm32f1xx_hal.o
                0x0000000008004874                HAL_InitTick
 .text.HAL_Init
                0x00000000080048c0       0x24 build/stm32f1xx_hal.o
                0x00000000080048c0                HAL_Init
 .text.HAL_IncTick
                0x00000000080048e4       0x18 build/stm32f1xx_hal.o
                0x00000000080048e4                HAL_IncTick
 .text.HAL_GetTick
                0x00000000080048fc        0xc build/stm32f1xx_hal.o
                0x00000000080048fc                HAL_GetTick
 .text.HAL_Delay
                0x0000000008004908       0x28 build/stm32f1xx_hal.o
                0x0000000008004908                HAL_Delay
 .text.RCC_Delay
                0x0000000008004930       0x2c build/stm32f1xx_hal_rcc.o
 .text.HAL_RCC_OscConfig
                0x000000000800495c      0x410 build/stm32f1xx_hal_rcc.o
                0x000000000800495c                HAL_RCC_OscConfig
 .text.HAL_RCC_GetSysClockFreq
                0x0000000008004d6c       0x70 build/stm32f1xx_hal_rcc.o
                0x0000000008004d6c                HAL_RCC_GetSysClockFreq
 .text.HAL_RCC_ClockConfig
                0x0000000008004ddc      0x16c build/stm32f1xx_hal_rcc.o
                0x0000000008004ddc                HAL_RCC_ClockConfig
 .text.HAL_RCCEx_PeriphCLKConfig
                0x0000000008004f48      0x114 build/stm32f1xx_hal_rcc_ex.o
                0x0000000008004f48                HAL_RCCEx_PeriphCLKConfig
 .text.HAL_GPIO_Init
                0x000000000800505c      0x1d8 build/stm32f1xx_hal_gpio.o
                0x000000000800505c                HAL_GPIO_Init
 .text.HAL_GPIO_ReadPin
                0x0000000008005234        0xe build/stm32f1xx_hal_gpio.o
                0x0000000008005234                HAL_GPIO_ReadPin
 .text.HAL_GPIO_WritePin
                0x0000000008005242        0xc build/stm32f1xx_hal_gpio.o
                0x0000000008005242                HAL_GPIO_WritePin
 *fill*         0x000000000800524e        0x2 
 .text.HAL_NVIC_SetPriorityGrouping
                0x0000000008005250       0x24 build/stm32f1xx_hal_cortex.o
                0x0000000008005250                HAL_NVIC_SetPriorityGrouping
 .text.HAL_NVIC_SetPriority
                0x0000000008005274       0x68 build/stm32f1xx_hal_cortex.o
                0x0000000008005274                HAL_NVIC_SetPriority
 .text.HAL_NVIC_EnableIRQ
                0x00000000080052dc       0x1c build/stm32f1xx_hal_cortex.o
                0x00000000080052dc                HAL_NVIC_EnableIRQ
 .text.HAL_SYSTICK_Config
                0x00000000080052f8       0x2c build/stm32f1xx_hal_cortex.o
                0x00000000080052f8                HAL_SYSTICK_Config
 .text.SystemInit
                0x0000000008005324       0x4c build/system_stm32f1xx.o
                0x0000000008005324                SystemInit
 .text.MX_USB_DEVICE_Init
                0x0000000008005370       0x30 build/usb_device.o
                0x0000000008005370                MX_USB_DEVICE_Init
 .text.USBD_Get_USB_Status
                0x00000000080053a0       0x18 build/usbd_conf.o
 .text.HAL_PCD_MspInit
                0x00000000080053b8       0x40 build/usbd_conf.o
                0x00000000080053b8                HAL_PCD_MspInit
 .text.HAL_PCD_SetupStageCallback
                0x00000000080053f8       0x10 build/usbd_conf.o
                0x00000000080053f8                HAL_PCD_SetupStageCallback
 .text.HAL_PCD_DataOutStageCallback
                0x0000000008005408       0x14 build/usbd_conf.o
                0x0000000008005408                HAL_PCD_DataOutStageCallback
 .text.HAL_PCD_DataInStageCallback
                0x000000000800541c       0x12 build/usbd_conf.o
                0x000000000800541c                HAL_PCD_DataInStageCallback
 .text.HAL_PCD_SOFCallback
                0x000000000800542e        0xc build/usbd_conf.o
                0x000000000800542e                HAL_PCD_SOFCallback
 .text.HAL_PCD_ResetCallback
                0x000000000800543a       0x24 build/usbd_conf.o
                0x000000000800543a                HAL_PCD_ResetCallback
 *fill*         0x000000000800545e        0x2 
 .text.HAL_PCD_SuspendCallback
                0x0000000008005460       0x20 build/usbd_conf.o
                0x0000000008005460                HAL_PCD_SuspendCallback
 .text.HAL_PCD_ResumeCallback
                0x0000000008005480        0xc build/usbd_conf.o
                0x0000000008005480                HAL_PCD_ResumeCallback
 .text.USBD_LL_Init
                0x000000000800548c       0xa0 build/usbd_conf.o
                0x000000000800548c                USBD_LL_Init
 .text.USBD_LL_Start
                0x000000000800552c       0x10 build/usbd_conf.o
                0x000000000800552c                USBD_LL_Start
 .text.USBD_LL_OpenEP
                0x000000000800553c       0x16 build/usbd_conf.o
                0x000000000800553c                USBD_LL_OpenEP
 .text.USBD_LL_CloseEP
                0x0000000008005552       0x10 build/usbd_conf.o
                0x0000000008005552                USBD_LL_CloseEP
 .text.USBD_LL_StallEP
                0x0000000008005562       0x10 build/usbd_conf.o
                0x0000000008005562                USBD_LL_StallEP
 .text.USBD_LL_ClearStallEP
                0x0000000008005572       0x10 build/usbd_conf.o
                0x0000000008005572                USBD_LL_ClearStallEP
 .text.USBD_LL_IsStallEP
                0x0000000008005582       0x26 build/usbd_conf.o
                0x0000000008005582                USBD_LL_IsStallEP
 .text.USBD_LL_SetUSBAddress
                0x00000000080055a8       0x10 build/usbd_conf.o
                0x00000000080055a8                USBD_LL_SetUSBAddress
 .text.USBD_LL_Transmit
                0x00000000080055b8       0x10 build/usbd_conf.o
                0x00000000080055b8                USBD_LL_Transmit
 .text.USBD_LL_PrepareReceive
                0x00000000080055c8       0x10 build/usbd_conf.o
                0x00000000080055c8                USBD_LL_PrepareReceive
 .text.USBD_LL_GetRxDataSize
                0x00000000080055d8        0xc build/usbd_conf.o
                0x00000000080055d8                USBD_LL_GetRxDataSize
 .text.USBD_static_malloc
                0x00000000080055e4        0x8 build/usbd_conf.o
                0x00000000080055e4                USBD_static_malloc
 .text.USBD_static_free
                0x00000000080055ec        0x2 build/usbd_conf.o
                0x00000000080055ec                USBD_static_free
 .text.HAL_PCDEx_SetConnectionState
                0x00000000080055ee        0x2 build/usbd_conf.o
                0x00000000080055ee                HAL_PCDEx_SetConnectionState
 .text.USBD_FS_DeviceDescriptor
                0x00000000080055f0        0xc build/usbd_desc.o
                0x00000000080055f0                USBD_FS_DeviceDescriptor
 .text.USBD_FS_LangIDStrDescriptor
                0x00000000080055fc        0xc build/usbd_desc.o
                0x00000000080055fc                USBD_FS_LangIDStrDescriptor
 .text.IntToUnicode
                0x0000000008005608       0x36 build/usbd_desc.o
 *fill*         0x000000000800563e        0x2 
 .text.Get_SerialNum
                0x0000000008005640       0x34 build/usbd_desc.o
 .text.USBD_FS_SerialStrDescriptor
                0x0000000008005674       0x14 build/usbd_desc.o
                0x0000000008005674                USBD_FS_SerialStrDescriptor
 .text.USBD_FS_ProductStrDescriptor
                0x0000000008005688       0x24 build/usbd_desc.o
                0x0000000008005688                USBD_FS_ProductStrDescriptor
 .text.USBD_FS_ManufacturerStrDescriptor
                0x00000000080056ac       0x1c build/usbd_desc.o
                0x00000000080056ac                USBD_FS_ManufacturerStrDescriptor
 .text.USBD_FS_ConfigStrDescriptor
                0x00000000080056c8       0x24 build/usbd_desc.o
                0x00000000080056c8                USBD_FS_ConfigStrDescriptor
 .text.USBD_FS_InterfaceStrDescriptor
                0x00000000080056ec       0x24 build/usbd_desc.o
                0x00000000080056ec                USBD_FS_InterfaceStrDescriptor
 .text.USBD_Init
                0x0000000008005710       0x2e build/usbd_core.o
                0x0000000008005710                USBD_Init
 .text.USBD_RegisterClass
                0x000000000800573e        0xe build/usbd_core.o
                0x000000000800573e                USBD_RegisterClass
 .text.USBD_Start
                0x000000000800574c        0xa build/usbd_core.o
                0x000000000800574c                USBD_Start
 .text.USBD_SetClassConfig
                0x0000000008005756       0x1a build/usbd_core.o
                0x0000000008005756                USBD_SetClassConfig
 .text.USBD_ClrClassConfig
                0x0000000008005770        0xe build/usbd_core.o
                0x0000000008005770                USBD_ClrClassConfig
 .text.USBD_LL_SetupStage
                0x000000000800577e       0x5c build/usbd_core.o
                0x000000000800577e                USBD_LL_SetupStage
 .text.USBD_LL_DataOutStage
                0x00000000080057da       0x94 build/usbd_core.o
                0x00000000080057da                USBD_LL_DataOutStage
 .text.USBD_LL_DataInStage
                0x000000000800586e       0xd4 build/usbd_core.o
                0x000000000800586e                USBD_LL_DataInStage
 .text.USBD_LL_Reset
                0x0000000008005942       0x50 build/usbd_core.o
                0x0000000008005942                USBD_LL_Reset
 .text.USBD_LL_SetSpeed
                0x0000000008005992        0x6 build/usbd_core.o
                0x0000000008005992                USBD_LL_SetSpeed
 .text.USBD_LL_Suspend
                0x0000000008005998       0x12 build/usbd_core.o
                0x0000000008005998                USBD_LL_Suspend
 .text.USBD_LL_Resume
                0x00000000080059aa       0x16 build/usbd_core.o
                0x00000000080059aa                USBD_LL_Resume
 .text.USBD_LL_SOF
                0x00000000080059c0       0x1c build/usbd_core.o
                0x00000000080059c0                USBD_LL_SOF
 .text.Toshiba_TC358870_HDMI_SetupChina
                0x00000000080059dc      0x11c build/Toshiba_TC358870_china.o
                0x00000000080059dc                Toshiba_TC358870_HDMI_SetupChina
 .text.Toshiba_TC358870_OLED_SleepChina
                0x0000000008005af8       0x6c build/Toshiba_TC358870_china.o
                0x0000000008005af8                Toshiba_TC358870_OLED_SleepChina
 .text.SendDSIcfg
                0x0000000008005b64      0x278 build/Toshiba_TC358870_china.o
                0x0000000008005b64                SendDSIcfg
 .text.Setup_DSITX
                0x0000000008005ddc      0x39c build/Toshiba_TC358870_china.o
                0x0000000008005ddc                Setup_DSITX
 .text.Toshiba_TC358870_OLED_SetupChina
                0x0000000008006178      0x164 build/Toshiba_TC358870_china.o
                0x0000000008006178                Toshiba_TC358870_OLED_SetupChina
 .text.EDID_Write
                0x00000000080062dc      0x1cc build/Toshiba_TC358870_china.o
                0x00000000080062dc                EDID_Write
 .text.getQuat  0x00000000080064a8       0x6c build/bno055.o
                0x00000000080064a8                getQuat
 .text.I2C_read8
                0x0000000008006514        0xc build/bno055.o
                0x0000000008006514                I2C_read8
 .text.I2C_write8
                0x0000000008006520       0x1c build/bno055.o
                0x0000000008006520                I2C_write8
 .text.setMode  0x000000000800653c       0x14 build/bno055.o
                0x000000000800653c                setMode
 .text.begin    0x0000000008006550       0xc0 build/bno055.o
                0x0000000008006550                begin
 .text.USBD_GetLen
                0x0000000008006610       0x12 build/usbd_ctlreq.o
 .text.USBD_SetFeature
                0x0000000008006622       0x14 build/usbd_ctlreq.o
 .text.USBD_ParseSetupRequest
                0x0000000008006636       0x28 build/usbd_ctlreq.o
                0x0000000008006636                USBD_ParseSetupRequest
 .text.USBD_CtlError
                0x000000000800665e       0x14 build/usbd_ctlreq.o
                0x000000000800665e                USBD_CtlError
 .text.USBD_GetDescriptor
                0x0000000008006672      0x186 build/usbd_ctlreq.o
 .text.USBD_SetAddress
                0x00000000080067f8       0x4e build/usbd_ctlreq.o
 *fill*         0x0000000008006846        0x2 
 .text.USBD_SetConfig
                0x0000000008006848       0xb0 build/usbd_ctlreq.o
 .text.USBD_GetConfig
                0x00000000080068f8       0x3e build/usbd_ctlreq.o
 .text.USBD_GetStatus
                0x0000000008006936       0x38 build/usbd_ctlreq.o
 .text.USBD_ClrFeature
                0x000000000800696e       0x26 build/usbd_ctlreq.o
 .text.USBD_StdDevReq
                0x0000000008006994       0x68 build/usbd_ctlreq.o
                0x0000000008006994                USBD_StdDevReq
 .text.USBD_StdItfReq
                0x00000000080069fc       0x60 build/usbd_ctlreq.o
                0x00000000080069fc                USBD_StdItfReq
 .text.USBD_StdEPReq
                0x0000000008006a5c      0x210 build/usbd_ctlreq.o
                0x0000000008006a5c                USBD_StdEPReq
 .text.USBD_GetString
                0x0000000008006c6c       0x36 build/usbd_ctlreq.o
                0x0000000008006c6c                USBD_GetString
 .text.USBD_CtlSendData
                0x0000000008006ca2       0x1a build/usbd_ioreq.o
                0x0000000008006ca2                USBD_CtlSendData
 .text.USBD_CtlContinueSendData
                0x0000000008006cbc       0x10 build/usbd_ioreq.o
                0x0000000008006cbc                USBD_CtlContinueSendData
 .text.USBD_CtlPrepareRx
                0x0000000008006ccc       0x1e build/usbd_ioreq.o
                0x0000000008006ccc                USBD_CtlPrepareRx
 .text.USBD_CtlContinueRx
                0x0000000008006cea       0x10 build/usbd_ioreq.o
                0x0000000008006cea                USBD_CtlContinueRx
 .text.USBD_CtlSendStatus
                0x0000000008006cfa       0x16 build/usbd_ioreq.o
                0x0000000008006cfa                USBD_CtlSendStatus
 .text.USBD_CtlReceiveStatus
                0x0000000008006d10       0x16 build/usbd_ioreq.o
                0x0000000008006d10                USBD_CtlReceiveStatus
 .text.USBD_CDC_DataIn
                0x0000000008006d26       0x10 build/usbd_cdc.o
                0x0000000008006d26                USBD_CDC_DataIn
 .text.USBD_CDC_EP0_RxReady
                0x0000000008006d36       0x2a build/usbd_cdc.o
                0x0000000008006d36                USBD_CDC_EP0_RxReady
 .text.USBD_CDC_Init
                0x0000000008006d60       0x88 build/usbd_cdc.o
                0x0000000008006d60                USBD_CDC_Init
 .text.USBD_CDC_DeInit
                0x0000000008006de8       0x3c build/usbd_cdc.o
                0x0000000008006de8                USBD_CDC_DeInit
 .text.USBD_CDC_Setup
                0x0000000008006e24       0x78 build/usbd_cdc.o
                0x0000000008006e24                USBD_CDC_Setup
 .text.USBD_CDC_DataOut
                0x0000000008006e9c       0x2c build/usbd_cdc.o
                0x0000000008006e9c                USBD_CDC_DataOut
 .text.USBD_CDC_RegisterInterface
                0x0000000008006ec8       0x10 build/usbd_cdc.o
                0x0000000008006ec8                USBD_CDC_RegisterInterface
 .text.USBD_CDC_SetTxBuffer
                0x0000000008006ed8        0xc build/usbd_cdc.o
                0x0000000008006ed8                USBD_CDC_SetTxBuffer
 .text.USBD_CDC_SetRxBuffer
                0x0000000008006ee4        0xa build/usbd_cdc.o
                0x0000000008006ee4                USBD_CDC_SetRxBuffer
 .text.USBD_CDC_TransmitPacket
                0x0000000008006eee       0x28 build/usbd_cdc.o
                0x0000000008006eee                USBD_CDC_TransmitPacket
 .text.USBD_CDC_ReceivePacket
                0x0000000008006f16       0x2a build/usbd_cdc.o
                0x0000000008006f16                USBD_CDC_ReceivePacket
 .text.USBD_CDC_HID_GetCfgDesc
                0x0000000008006f40        0xc build/usbd_cdc_hid.o
 .text.USBD_CDC_HID_GetDeviceQualifierDesc
                0x0000000008006f4c        0xc build/usbd_cdc_hid.o
 .text.USBD_CDC_HID_DataOut
                0x0000000008006f58       0x12 build/usbd_cdc_hid.o
 .text.USBD_CDC_HID_DataIn
                0x0000000008006f6a       0x12 build/usbd_cdc_hid.o
 .text.USBD_CDC_HID_EP0_RxReady
                0x0000000008006f7c       0x12 build/usbd_cdc_hid.o
 .text.USBD_CDC_HID_Setup
                0x0000000008006f8e       0x14 build/usbd_cdc_hid.o
 .text.USBD_CDC_HID_DeInit
                0x0000000008006fa2       0x16 build/usbd_cdc_hid.o
 .text.USBD_CDC_HID_Init
                0x0000000008006fb8       0x16 build/usbd_cdc_hid.o
 *fill*         0x0000000008006fce        0x2 
 .text.USBD_CDC_HID_RegisterInterface
                0x0000000008006fd0       0x28 build/usbd_cdc_hid.o
                0x0000000008006fd0                USBD_CDC_HID_RegisterInterface
 .text.CDC_DeInit_FS
                0x0000000008006ff8        0xc build/usbd_cdc_if.o
 .text.CDC_Control_FS
                0x0000000008007004        0x4 build/usbd_cdc_if.o
 .text.CDC_Receive_FS
                0x0000000008007008       0x18 build/usbd_cdc_if.o
 .text.CDC_Init_FS
                0x0000000008007020       0x20 build/usbd_cdc_if.o
 .text.VCP_read
                0x0000000008007040       0x5c build/usbd_cdc_if.o
                0x0000000008007040                VCP_read
 .text.VCP_write
                0x000000000800709c       0x60 build/usbd_cdc_if.o
                0x000000000800709c                VCP_write
 .text.SerialPrint
                0x00000000080070fc       0x20 build/SerialTrans.o
                0x00000000080070fc                SerialPrint
 .text.Display_software_version
                0x000000000800711c       0x50 build/SerialTrans.o
 .text.Display_firmware_details
                0x000000000800716c       0x48 build/SerialTrans.o
 .text.ProcessInfoCommands
                0x00000000080071b4       0x6c build/SerialTrans.o
                0x00000000080071b4                ProcessInfoCommands
 .text.Cmd_Interface
                0x0000000008007220      0x21c build/SerialTrans.o
                0x0000000008007220                Cmd_Interface
 .text.PrintScreen
                0x000000000800743c      0x200 build/hardware.o
                0x000000000800743c                PrintScreen
 .text.Led_A_Blink
                0x000000000800763c       0x28 build/hardware.o
                0x000000000800763c                Led_A_Blink
 .text.MainPowerOn
                0x0000000008007664       0x68 build/hardware.o
                0x0000000008007664                MainPowerOn
 .text.DiasplayPowerOn
                0x00000000080076cc       0x38 build/hardware.o
                0x00000000080076cc                DiasplayPowerOn
 .text.DisplaySleep
                0x0000000008007704       0x28 build/hardware.o
                0x0000000008007704                DisplaySleep
 .text.StatusControl
                0x000000000800772c      0x118 build/hardware.o
                0x000000000800772c                StatusControl
 .text.PowerOffStage2
                0x0000000008007844       0x44 build/hardware.o
                0x0000000008007844                PowerOffStage2
 .text.ModesSwitch
                0x0000000008007888       0x34 build/hardware.o
                0x0000000008007888                ModesSwitch
 .text.EdidSwitch
                0x00000000080078bc       0x34 build/hardware.o
                0x00000000080078bc                EdidSwitch
 .text.Buttons  0x00000000080078f0      0x124 build/hardware.o
                0x00000000080078f0                Buttons
 .text.Toshiba_Init
                0x0000000008007a14       0x40 build/hardware.o
                0x0000000008007a14                Toshiba_Init
 .text.InitHardware
                0x0000000008007a54      0x14c build/hardware.o
                0x0000000008007a54                InitHardware
 .text.i2cSoft_Delay
                0x0000000008007ba0       0x22 build/i2cSoft.o
 *fill*         0x0000000008007bc2        0x2 
 .text.i2cSoft_PutByte
                0x0000000008007bc4       0x50 build/i2cSoft.o
 .text.SCLhigh  0x0000000008007c14       0x18 build/i2cSoft.o
 .text.i2cSoft_Start
                0x0000000008007c2c       0x40 build/i2cSoft.o
 .text.i2cSoft_WaitAck
                0x0000000008007c6c       0x40 build/i2cSoft.o
 .text.i2cSoft_GetByte
                0x0000000008007cac       0x58 build/i2cSoft.o
 .text.i2cSoft_NoAck
                0x0000000008007d04       0x28 build/i2cSoft.o
 .text.i2cSoft_Stop
                0x0000000008007d2c       0x28 build/i2cSoft.o
 .text.i2cSoft_Ack
                0x0000000008007d54       0x28 build/i2cSoft.o
 .text.i2cSoft_Init
                0x0000000008007d7c       0x18 build/i2cSoft.o
                0x0000000008007d7c                i2cSoft_Init
 .text.i2cSoft_Read
                0x0000000008007d94       0x60 build/i2cSoft.o
                0x0000000008007d94                i2cSoft_Read
 .text.TC358870_i2c_Read
                0x0000000008007df4       0x74 build/i2cSoft.o
                0x0000000008007df4                TC358870_i2c_Read
 .text.i2cSoft_Mem_Read
                0x0000000008007e68       0x8a build/i2cSoft.o
                0x0000000008007e68                i2cSoft_Mem_Read
 .text.i2cSoft_ReadBuffer
                0x0000000008007ef2       0x50 build/i2cSoft.o
                0x0000000008007ef2                i2cSoft_ReadBuffer
 .text.i2cSoft_WriteBuffer
                0x0000000008007f42       0x58 build/i2cSoft.o
                0x0000000008007f42                i2cSoft_WriteBuffer
 .text.i2cSoft_DeviceReady
                0x0000000008007f9a       0x44 build/i2cSoft.o
                0x0000000008007f9a                i2cSoft_DeviceReady
 .text.i2cSoft_DeviceExists
                0x0000000008007fde       0x3e build/i2cSoft.o
                0x0000000008007fde                i2cSoft_DeviceExists
 .text.i2cSoft_WriteOled
                0x000000000800801c       0x66 build/i2cSoft.o
                0x000000000800801c                i2cSoft_WriteOled
 .text.i2cSoft_WriteByte
                0x0000000008008082       0x74 build/i2cSoft.o
                0x0000000008008082                i2cSoft_WriteByte
 .text.i2cSoft_WriteShort
                0x00000000080080f6       0x8a build/i2cSoft.o
                0x00000000080080f6                i2cSoft_WriteShort
 .text.i2cSoft_WriteLong
                0x0000000008008180       0xbc build/i2cSoft.o
                0x0000000008008180                i2cSoft_WriteLong
 .text.TC358870_i2c_Write
                0x000000000800823c       0x36 build/i2cSoft.o
                0x000000000800823c                TC358870_i2c_Write
 .text.CUSTOM_HID_Init_FS
                0x0000000008008272        0x4 build/usbd_custom_hid_if.o
 .text.CUSTOM_HID_DeInit_FS
                0x0000000008008276        0x4 build/usbd_custom_hid_if.o
 .text.CUSTOM_HID_OutEvent_FS
                0x000000000800827a        0x4 build/usbd_custom_hid_if.o
 .text.CustomHID_GetFeature
                0x000000000800827e       0x1c build/usbd_custom_hid_if.o
 *fill*         0x000000000800829a        0x2 
 .text.CustomHID_SetFeature
                0x000000000800829c       0x40 build/usbd_custom_hid_if.o
 .text.ssd1306_Fill
                0x00000000080082dc       0x20 build/ssd1306.o
                0x00000000080082dc                ssd1306_Fill
 .text.ssd1306_UpdateScreen
                0x00000000080082fc       0x20 build/ssd1306.o
                0x00000000080082fc                ssd1306_UpdateScreen
 .text.ssd1306_Init
                0x000000000800831c      0x148 build/ssd1306.o
                0x000000000800831c                ssd1306_Init
 .text.ssd1306_DrawPixel
                0x0000000008008464       0x54 build/ssd1306.o
                0x0000000008008464                ssd1306_DrawPixel
 .text.ssd1306_WriteChar
                0x00000000080084b8       0xb0 build/ssd1306.o
                0x00000000080084b8                ssd1306_WriteChar
 .text.ssd1306_WriteString
                0x0000000008008568       0x30 build/ssd1306.o
                0x0000000008008568                ssd1306_WriteString
 .text.ssd1306_SetCursor
                0x0000000008008598        0xc build/ssd1306.o
                0x0000000008008598                ssd1306_SetCursor
 .text.SSD1306_DrawLine
                0x00000000080085a4      0x13a build/ssd1306.o
                0x00000000080085a4                SSD1306_DrawLine
 .text.USBD_CUSTOM_HID_DataIn
                0x00000000080086de        0xc build/usbd_customhid.o
                0x00000000080086de                USBD_CUSTOM_HID_DataIn
 .text.USBD_CUSTOM_HID_EP0_RxReady
                0x00000000080086ea       0x24 build/usbd_customhid.o
                0x00000000080086ea                USBD_CUSTOM_HID_EP0_RxReady
 .text.USBD_CUSTOM_HID_Init
                0x000000000800870e       0x4c build/usbd_customhid.o
                0x000000000800870e                USBD_CUSTOM_HID_Init
 .text.USBD_CUSTOM_HID_DataOut
                0x000000000800875a       0x26 build/usbd_customhid.o
                0x000000000800875a                USBD_CUSTOM_HID_DataOut
 .text.USBD_CUSTOM_HID_DeInit
                0x0000000008008780       0x34 build/usbd_customhid.o
                0x0000000008008780                USBD_CUSTOM_HID_DeInit
 .text.USBD_CUSTOM_HID_Setup
                0x00000000080087b4       0xd4 build/usbd_customhid.o
                0x00000000080087b4                USBD_CUSTOM_HID_Setup
 .text.USBD_CUSTOM_HID_SendReport
                0x0000000008008888       0x2c build/usbd_customhid.o
                0x0000000008008888                USBD_CUSTOM_HID_SendReport
 .text.USBD_CUSTOM_HID_RegisterInterface
                0x00000000080088b4       0x10 build/usbd_customhid.o
                0x00000000080088b4                USBD_CUSTOM_HID_RegisterInterface
 .text.Reset_Handler
                0x00000000080088c4       0x48 build/startup_stm32f103xb.o
                0x00000000080088c4                Reset_Handler
 .text.Default_Handler
                0x000000000800890c        0x2 build/startup_stm32f103xb.o
                0x000000000800890c                RTC_Alarm_IRQHandler
                0x000000000800890c                EXTI2_IRQHandler
                0x000000000800890c                TIM1_CC_IRQHandler
                0x000000000800890c                PVD_IRQHandler
                0x000000000800890c                EXTI3_IRQHandler
                0x000000000800890c                EXTI0_IRQHandler
                0x000000000800890c                I2C2_EV_IRQHandler
                0x000000000800890c                ADC1_2_IRQHandler
                0x000000000800890c                SPI1_IRQHandler
                0x000000000800890c                TAMPER_IRQHandler
                0x000000000800890c                DMA1_Channel4_IRQHandler
                0x000000000800890c                USART3_IRQHandler
                0x000000000800890c                RTC_IRQHandler
                0x000000000800890c                DMA1_Channel7_IRQHandler
                0x000000000800890c                CAN1_RX1_IRQHandler
                0x000000000800890c                TIM4_IRQHandler
                0x000000000800890c                I2C1_EV_IRQHandler
                0x000000000800890c                DMA1_Channel6_IRQHandler
                0x000000000800890c                TIM3_IRQHandler
                0x000000000800890c                RCC_IRQHandler
                0x000000000800890c                TIM1_TRG_COM_IRQHandler
                0x000000000800890c                DMA1_Channel1_IRQHandler
                0x000000000800890c                Default_Handler
                0x000000000800890c                EXTI15_10_IRQHandler
                0x000000000800890c                EXTI9_5_IRQHandler
                0x000000000800890c                SPI2_IRQHandler
                0x000000000800890c                DMA1_Channel5_IRQHandler
                0x000000000800890c                EXTI4_IRQHandler
                0x000000000800890c                USB_HP_CAN1_TX_IRQHandler
                0x000000000800890c                DMA1_Channel3_IRQHandler
                0x000000000800890c                TIM1_UP_IRQHandler
                0x000000000800890c                WWDG_IRQHandler
                0x000000000800890c                TIM2_IRQHandler
                0x000000000800890c                TIM1_BRK_IRQHandler
                0x000000000800890c                EXTI1_IRQHandler
                0x000000000800890c                USART2_IRQHandler
                0x000000000800890c                I2C2_ER_IRQHandler
                0x000000000800890c                DMA1_Channel2_IRQHandler
                0x000000000800890c                CAN1_SCE_IRQHandler
                0x000000000800890c                FLASH_IRQHandler
                0x000000000800890c                USART1_IRQHandler
                0x000000000800890c                I2C1_ER_IRQHandler
                0x000000000800890c                USBWakeUp_IRQHandler
 *fill*         0x000000000800890e        0x2 
 .text.__libc_init_array
                0x0000000008008910       0x48 d:/stm32/gnu mcu eclipse/arm embedded gcc/8.2.1-1.4-20190214-0604/bin/../lib/gcc/arm-none-eabi/8.2.1/../../../../arm-none-eabi/lib/thumb/v7-m/nofp\libc_nano.a(lib_a-init.o)
                0x0000000008008910                __libc_init_array
 .text.__itoa   0x0000000008008958       0x30 d:/stm32/gnu mcu eclipse/arm embedded gcc/8.2.1-1.4-20190214-0604/bin/../lib/gcc/arm-none-eabi/8.2.1/../../../../arm-none-eabi/lib/thumb/v7-m/nofp\libc_nano.a(lib_a-itoa.o)
                0x0000000008008958                __itoa
 .text.itoa     0x0000000008008988        0x4 d:/stm32/gnu mcu eclipse/arm embedded gcc/8.2.1-1.4-20190214-0604/bin/../lib/gcc/arm-none-eabi/8.2.1/../../../../arm-none-eabi/lib/thumb/v7-m/nofp\libc_nano.a(lib_a-itoa.o)
                0x0000000008008988                itoa
 .text.memcpy   0x000000000800898c       0x1c d:/stm32/gnu mcu eclipse/arm embedded gcc/8.2.1-1.4-20190214-0604/bin/../lib/gcc/arm-none-eabi/8.2.1/../../../../arm-none-eabi/lib/thumb/v7-m/nofp\libc_nano.a(lib_a-memcpy-stub.o)
                0x000000000800898c                memcpy
 .text.memset   0x00000000080089a8       0x10 d:/stm32/gnu mcu eclipse/arm embedded gcc/8.2.1-1.4-20190214-0604/bin/../lib/gcc/arm-none-eabi/8.2.1/../../../../arm-none-eabi/lib/thumb/v7-m/nofp\libc_nano.a(lib_a-memset.o)
                0x00000000080089a8                memset
 .text.sprintf  0x00000000080089b8       0x40 d:/stm32/gnu mcu eclipse/arm embedded gcc/8.2.1-1.4-20190214-0604/bin/../lib/gcc/arm-none-eabi/8.2.1/../../../../arm-none-eabi/lib/thumb/v7-m/nofp\libc_nano.a(lib_a-sprintf.o)
                0x00000000080089b8                siprintf
                0x00000000080089b8                sprintf
 .text.__utoa   0x00000000080089f8       0x80 d:/stm32/gnu mcu eclipse/arm embedded gcc/8.2.1-1.4-20190214-0604/bin/../lib/gcc/arm-none-eabi/8.2.1/../../../../arm-none-eabi/lib/thumb/v7-m/nofp\libc_nano.a(lib_a-utoa.o)
                0x00000000080089f8                __utoa
 .text.__ssputs_r
                0x0000000008008a78       0xb6 d:/stm32/gnu mcu eclipse/arm embedded gcc/8.2.1-1.4-20190214-0604/bin/../lib/gcc/arm-none-eabi/8.2.1/../../../../arm-none-eabi/lib/thumb/v7-m/nofp\libc_nano.a(lib_a-nano-svfprintf.o)
                0x0000000008008a78                __ssputs_r
 *fill*         0x0000000008008b2e        0x2 
 .text._svfprintf_r
                0x0000000008008b30      0x1f0 d:/stm32/gnu mcu eclipse/arm embedded gcc/8.2.1-1.4-20190214-0604/bin/../lib/gcc/arm-none-eabi/8.2.1/../../../../arm-none-eabi/lib/thumb/v7-m/nofp\libc_nano.a(lib_a-nano-svfprintf.o)
                0x0000000008008b30                _svfiprintf_r
                0x0000000008008b30                _svfprintf_r
 .text._printf_common
                0x0000000008008d20       0xec d:/stm32/gnu mcu eclipse/arm embedded gcc/8.2.1-1.4-20190214-0604/bin/../lib/gcc/arm-none-eabi/8.2.1/../../../../arm-none-eabi/lib/thumb/v7-m/nofp\libc_nano.a(lib_a-nano-vfprintf_i.o)
                0x0000000008008d20                _printf_common
 .text._printf_i
                0x0000000008008e0c      0x22c d:/stm32/gnu mcu eclipse/arm embedded gcc/8.2.1-1.4-20190214-0604/bin/../lib/gcc/arm-none-eabi/8.2.1/../../../../arm-none-eabi/lib/thumb/v7-m/nofp\libc_nano.a(lib_a-nano-vfprintf_i.o)
                0x0000000008008e0c                _printf_i
 .text.memchr   0x0000000008009038       0x1c d:/stm32/gnu mcu eclipse/arm embedded gcc/8.2.1-1.4-20190214-0604/bin/../lib/gcc/arm-none-eabi/8.2.1/../../../../arm-none-eabi/lib/thumb/v7-m/nofp\libc_nano.a(lib_a-memchr-stub.o)
                0x0000000008009038                memchr
 .text.memmove  0x0000000008009054       0x34 d:/stm32/gnu mcu eclipse/arm embedded gcc/8.2.1-1.4-20190214-0604/bin/../lib/gcc/arm-none-eabi/8.2.1/../../../../arm-none-eabi/lib/thumb/v7-m/nofp\libc_nano.a(lib_a-memmove.o)
                0x0000000008009054                memmove
 .text._free_r  0x0000000008009088       0x98 d:/stm32/gnu mcu eclipse/arm embedded gcc/8.2.1-1.4-20190214-0604/bin/../lib/gcc/arm-none-eabi/8.2.1/../../../../arm-none-eabi/lib/thumb/v7-m/nofp\libc_nano.a(lib_a-nano-freer.o)
                0x0000000008009088                _free_r
 .text._malloc_r
                0x0000000008009120       0xb4 d:/stm32/gnu mcu eclipse/arm embedded gcc/8.2.1-1.4-20190214-0604/bin/../lib/gcc/arm-none-eabi/8.2.1/../../../../arm-none-eabi/lib/thumb/v7-m/nofp\libc_nano.a(lib_a-nano-mallocr.o)
                0x0000000008009120                _malloc_r
 .text._realloc_r
                0x00000000080091d4       0x4c d:/stm32/gnu mcu eclipse/arm embedded gcc/8.2.1-1.4-20190214-0604/bin/../lib/gcc/arm-none-eabi/8.2.1/../../../../arm-none-eabi/lib/thumb/v7-m/nofp\libc_nano.a(lib_a-nano-reallocr.o)
                0x00000000080091d4                _realloc_r
 .text._sbrk_r  0x0000000008009220       0x20 d:/stm32/gnu mcu eclipse/arm embedded gcc/8.2.1-1.4-20190214-0604/bin/../lib/gcc/arm-none-eabi/8.2.1/../../../../arm-none-eabi/lib/thumb/v7-m/nofp\libc_nano.a(lib_a-sbrkr.o)
                0x0000000008009220                _sbrk_r
 .text.__malloc_lock
                0x0000000008009240        0xc d:/stm32/gnu mcu eclipse/arm embedded gcc/8.2.1-1.4-20190214-0604/bin/../lib/gcc/arm-none-eabi/8.2.1/../../../../arm-none-eabi/lib/thumb/v7-m/nofp\libc_nano.a(lib_a-mlock.o)
                0x0000000008009240                __malloc_lock
 .text.__malloc_unlock
                0x000000000800924c        0xc d:/stm32/gnu mcu eclipse/arm embedded gcc/8.2.1-1.4-20190214-0604/bin/../lib/gcc/arm-none-eabi/8.2.1/../../../../arm-none-eabi/lib/thumb/v7-m/nofp\libc_nano.a(lib_a-mlock.o)
                0x000000000800924c                __malloc_unlock
 .text._malloc_usable_size_r
                0x0000000008009258       0x10 d:/stm32/gnu mcu eclipse/arm embedded gcc/8.2.1-1.4-20190214-0604/bin/../lib/gcc/arm-none-eabi/8.2.1/../../../../arm-none-eabi/lib/thumb/v7-m/nofp\libc_nano.a(lib_a-nano-msizer.o)
                0x0000000008009258                _malloc_usable_size_r
 .text.__retarget_lock_acquire_recursive
                0x0000000008009268        0x2 d:/stm32/gnu mcu eclipse/arm embedded gcc/8.2.1-1.4-20190214-0604/bin/../lib/gcc/arm-none-eabi/8.2.1/../../../../arm-none-eabi/lib/thumb/v7-m/nofp\libc_nano.a(lib_a-lock.o)
                0x0000000008009268                __retarget_lock_acquire_recursive
 .text.__retarget_lock_release_recursive
                0x000000000800926a        0x2 d:/stm32/gnu mcu eclipse/arm embedded gcc/8.2.1-1.4-20190214-0604/bin/../lib/gcc/arm-none-eabi/8.2.1/../../../../arm-none-eabi/lib/thumb/v7-m/nofp\libc_nano.a(lib_a-lock.o)
                0x000000000800926a                __retarget_lock_release_recursive
 .text._sbrk    0x000000000800926c       0x1c d:/stm32/gnu mcu eclipse/arm embedded gcc/8.2.1-1.4-20190214-0604/bin/../lib/gcc/arm-none-eabi/8.2.1/../../../../arm-none-eabi/lib/thumb/v7-m/nofp\libnosys.a(sbrk.o)
                0x000000000800926c                _sbrk
 .text.__udivmoddi4
                0x0000000008009288      0x2d0 d:/stm32/gnu mcu eclipse/arm embedded gcc/8.2.1-1.4-20190214-0604/bin/../lib/gcc/arm-none-eabi/8.2.1/thumb/v7-m/nofp\libgcc.a(_udivmoddi4.o)
                0x0000000008009288                __udivmoddi4
 *(.glue_7)
 .glue_7        0x0000000008009558        0x0 linker stubs
 *(.glue_7t)
 .glue_7t       0x0000000008009558        0x0 linker stubs
 *(.eh_frame)
 .eh_frame      0x0000000008009558        0x0 d:/stm32/gnu mcu eclipse/arm embedded gcc/8.2.1-1.4-20190214-0604/bin/../lib/gcc/arm-none-eabi/8.2.1/thumb/v7-m/nofp/crtbegin.o
 *(.init)
 .init          0x0000000008009558        0x4 d:/stm32/gnu mcu eclipse/arm embedded gcc/8.2.1-1.4-20190214-0604/bin/../lib/gcc/arm-none-eabi/8.2.1/thumb/v7-m/nofp/crti.o
                0x0000000008009558                _init
 .init          0x000000000800955c        0x8 d:/stm32/gnu mcu eclipse/arm embedded gcc/8.2.1-1.4-20190214-0604/bin/../lib/gcc/arm-none-eabi/8.2.1/thumb/v7-m/nofp/crtn.o
 *(.fini)
 .fini          0x0000000008009564        0x4 d:/stm32/gnu mcu eclipse/arm embedded gcc/8.2.1-1.4-20190214-0604/bin/../lib/gcc/arm-none-eabi/8.2.1/thumb/v7-m/nofp/crti.o
                0x0000000008009564                _fini
 .fini          0x0000000008009568        0x8 d:/stm32/gnu mcu eclipse/arm embedded gcc/8.2.1-1.4-20190214-0604/bin/../lib/gcc/arm-none-eabi/8.2.1/thumb/v7-m/nofp/crtn.o
                0x0000000008009570                . = ALIGN (0x4)
                0x0000000008009570                _etext = .

.vfp11_veneer   0x0000000008009570        0x0
 .vfp11_veneer  0x0000000008009570        0x0 linker stubs

.v4_bx          0x0000000008009570        0x0
 .v4_bx         0x0000000008009570        0x0 linker stubs

.iplt           0x0000000008009570        0x0
 .iplt          0x0000000008009570        0x0 d:/stm32/gnu mcu eclipse/arm embedded gcc/8.2.1-1.4-20190214-0604/bin/../lib/gcc/arm-none-eabi/8.2.1/thumb/v7-m/nofp/crtbegin.o

.rodata         0x0000000008009570     0x1848
                0x0000000008009570                . = ALIGN (0x4)
 *(.rodata)
 .rodata        0x0000000008009570       0x12 build/stm32f1xx_hal_rcc.o
 *(.rodata*)
 *fill*         0x0000000008009582        0x2 
 .rodata.main.str1.4
                0x0000000008009584       0x10 build/main.o
 .rodata.AHBPrescTable
                0x0000000008009594       0x10 build/system_stm32f1xx.o
                0x0000000008009594                AHBPrescTable
 .rodata.USBD_FS_ConfigStrDescriptor.str1.4
                0x00000000080095a4        0xd build/usbd_desc.o
 *fill*         0x00000000080095b1        0x3 
 .rodata.USBD_FS_InterfaceStrDescriptor.str1.4
                0x00000000080095b4        0xd build/usbd_desc.o
 *fill*         0x00000000080095c1        0x3 
 .rodata.USBD_FS_ManufacturerStrDescriptor.str1.4
                0x00000000080095c4        0x8 build/usbd_desc.o
 .rodata.USBD_FS_ProductStrDescriptor.str1.4
                0x00000000080095cc        0xb build/usbd_desc.o
 *fill*         0x00000000080095d7        0x1 
 .rodata.Font11x18
                0x00000000080095d8      0xd5c build/fonts.o
 .rodata.Font7x10
                0x000000000800a334      0x76c build/fonts.o
 .rodata.Cmd_Interface.str1.4
                0x000000000800aaa0      0x1db build/SerialTrans.o
 *fill*         0x000000000800ac7b        0x1 
 .rodata.Display_firmware_details.str1.4
                0x000000000800ac7c       0x64 build/SerialTrans.o
 .rodata.Display_software_version.str1.4
                0x000000000800ace0       0x37 build/SerialTrans.o
 *fill*         0x000000000800ad17        0x1 
 .rodata.PrintScreen.str1.4
                0x000000000800ad18       0x27 build/hardware.o
                                         0x33 (size before relaxing)
 *fill*         0x000000000800ad3f        0x1 
 .rodata.CustomHID_SetFeature.str1.4
                0x000000000800ad40       0x20 build/usbd_custom_hid_if.o
                                         0x1e (size before relaxing)
 .rodata.__utoa.str1.1
                0x000000000800ad60       0x25 d:/stm32/gnu mcu eclipse/arm embedded gcc/8.2.1-1.4-20190214-0604/bin/../lib/gcc/arm-none-eabi/8.2.1/../../../../arm-none-eabi/lib/thumb/v7-m/nofp\libc_nano.a(lib_a-utoa.o)
 .rodata._svfprintf_r.str1.1
                0x000000000800ad85       0x11 d:/stm32/gnu mcu eclipse/arm embedded gcc/8.2.1-1.4-20190214-0604/bin/../lib/gcc/arm-none-eabi/8.2.1/../../../../arm-none-eabi/lib/thumb/v7-m/nofp\libc_nano.a(lib_a-nano-svfprintf.o)
 .rodata._printf_i.str1.1
                0x000000000800ad96       0x22 d:/stm32/gnu mcu eclipse/arm embedded gcc/8.2.1-1.4-20190214-0604/bin/../lib/gcc/arm-none-eabi/8.2.1/../../../../arm-none-eabi/lib/thumb/v7-m/nofp\libc_nano.a(lib_a-nano-vfprintf_i.o)
                0x000000000800adb8                . = ALIGN (0x4)

.ARM.extab
 *(.ARM.extab* .gnu.linkonce.armextab.*)

.ARM            0x000000000800adb8        0x8
                0x000000000800adb8                __exidx_start = .
 *(.ARM.exidx*)
 .ARM.exidx.text.__udivmoddi4
                0x000000000800adb8        0x8 d:/stm32/gnu mcu eclipse/arm embedded gcc/8.2.1-1.4-20190214-0604/bin/../lib/gcc/arm-none-eabi/8.2.1/thumb/v7-m/nofp\libgcc.a(_udivmoddi4.o)
                0x000000000800adc0                __exidx_end = .

.rel.dyn        0x000000000800adc0        0x0
 .rel.iplt      0x000000000800adc0        0x0 d:/stm32/gnu mcu eclipse/arm embedded gcc/8.2.1-1.4-20190214-0604/bin/../lib/gcc/arm-none-eabi/8.2.1/thumb/v7-m/nofp/crtbegin.o

.preinit_array  0x000000000800adc0        0x0
                0x000000000800adc0                PROVIDE (__preinit_array_start = .)
 *(.preinit_array*)
                0x000000000800adc0                PROVIDE (__preinit_array_end = .)

.init_array     0x000000000800adc0        0x4
                0x000000000800adc0                PROVIDE (__init_array_start = .)
 *(SORT_BY_NAME(.init_array.*))
 *(.init_array*)
 .init_array    0x000000000800adc0        0x4 d:/stm32/gnu mcu eclipse/arm embedded gcc/8.2.1-1.4-20190214-0604/bin/../lib/gcc/arm-none-eabi/8.2.1/thumb/v7-m/nofp/crtbegin.o
                0x000000000800adc4                PROVIDE (__init_array_end = .)

.fini_array     0x000000000800adc4        0x4
                [!provide]                        PROVIDE (__fini_array_start = .)
 *(SORT_BY_NAME(.fini_array.*))
 *(.fini_array*)
 .fini_array    0x000000000800adc4        0x4 d:/stm32/gnu mcu eclipse/arm embedded gcc/8.2.1-1.4-20190214-0604/bin/../lib/gcc/arm-none-eabi/8.2.1/thumb/v7-m/nofp/crtbegin.o
                [!provide]                        PROVIDE (__fini_array_end = .)
                0x000000000800adc8                _sidata = LOADADDR (.data)

.data           0x0000000020000000      0x5fc load address 0x000000000800adc8
                0x0000000020000000                . = ALIGN (0x4)
                0x0000000020000000                _sdata = .
 *(.data)
 *(.data*)
 .data.hid_ver  0x0000000020000000        0x1 build/main.o
                0x0000000020000000                hid_ver
 .data.uwTickFreq
                0x0000000020000001        0x1 build/stm32f1xx_hal.o
                0x0000000020000001                uwTickFreq
 *fill*         0x0000000020000002        0x2 
 .data.uwTickPrio
                0x0000000020000004        0x4 build/stm32f1xx_hal.o
                0x0000000020000004                uwTickPrio
 .data.SystemCoreClock
                0x0000000020000008        0x4 build/system_stm32f1xx.o
                0x0000000020000008                SystemCoreClock
 .data.FS_Desc  0x000000002000000c       0x1c build/usbd_desc.o
                0x000000002000000c                FS_Desc
 .data.USBD_FS_DeviceDesc
                0x0000000020000028       0x12 build/usbd_desc.o
                0x0000000020000028                USBD_FS_DeviceDesc
 *fill*         0x000000002000003a        0x2 
 .data.USBD_LangIDDesc
                0x000000002000003c        0x4 build/usbd_desc.o
                0x000000002000003c                USBD_LangIDDesc
 .data.USBD_StringSerial
                0x0000000020000040       0x1a build/usbd_desc.o
                0x0000000020000040                USBD_StringSerial
 *fill*         0x000000002000005a        0x2 
 .data.edid_double
                0x000000002000005c      0x100 build/Toshiba_TC358870_china.o
                0x000000002000005c                edid_double
 .data.edid_htc
                0x000000002000015c      0x100 build/Toshiba_TC358870_china.o
                0x000000002000015c                edid_htc
 .data.edid_osvr
                0x000000002000025c      0x100 build/Toshiba_TC358870_china.o
                0x000000002000025c                edid_osvr
 .data.edid_rift
                0x000000002000035c      0x100 build/Toshiba_TC358870_china.o
                0x000000002000035c                edid_rift
 .data.Font_11x18
                0x000000002000045c        0x8 build/fonts.o
                0x000000002000045c                Font_11x18
 .data.Font_7x10
                0x0000000020000464        0x8 build/fonts.o
                0x0000000020000464                Font_7x10
 .data.bno_mode
                0x000000002000046c        0x1 build/bno055.o
                0x000000002000046c                bno_mode
 *fill*         0x000000002000046d        0x3 
 .data.CDC_HID  0x0000000020000470        0x8 build/usbd_cdc_hid.o
                0x0000000020000470                CDC_HID
 .data.USBD_CDC_HID
                0x0000000020000478       0x38 build/usbd_cdc_hid.o
                0x0000000020000478                USBD_CDC_HID
 .data.USBD_CDC_HID_CfgDesc
                0x00000000200004b0       0x6b build/usbd_cdc_hid.o
 *fill*         0x000000002000051b        0x1 
 .data.USBD_CDC_HID_DeviceQualifierDesc
                0x000000002000051c        0xa build/usbd_cdc_hid.o
 *fill*         0x0000000020000526        0x2 
 .data.USBD_Interface_fops_FS
                0x0000000020000528       0x10 build/usbd_cdc_if.o
                0x0000000020000528                USBD_Interface_fops_FS
 .data.DisplayStatus
                0x0000000020000538        0x1 build/hardware.o
                0x0000000020000538                DisplayStatus
 *fill*         0x0000000020000539        0x3 
 .data.CUSTOM_HID_ReportDesc_FS
                0x000000002000053c       0x35 build/usbd_custom_hid_if.o
 *fill*         0x0000000020000571        0x3 
 .data.USBD_CustomHID_fops_FS
                0x0000000020000574       0x18 build/usbd_custom_hid_if.o
                0x0000000020000574                USBD_CustomHID_fops_FS
 .data.USBD_CUSTOM_HID_Desc
                0x000000002000058c        0x9 build/usbd_customhid.o
 *fill*         0x0000000020000595        0x3 
 .data._impure_ptr
                0x0000000020000598        0x4 d:/stm32/gnu mcu eclipse/arm embedded gcc/8.2.1-1.4-20190214-0604/bin/../lib/gcc/arm-none-eabi/8.2.1/../../../../arm-none-eabi/lib/thumb/v7-m/nofp\libc_nano.a(lib_a-impure.o)
                0x0000000020000598                _impure_ptr
 .data.impure_data
                0x000000002000059c       0x60 d:/stm32/gnu mcu eclipse/arm embedded gcc/8.2.1-1.4-20190214-0604/bin/../lib/gcc/arm-none-eabi/8.2.1/../../../../arm-none-eabi/lib/thumb/v7-m/nofp\libc_nano.a(lib_a-impure.o)
                0x00000000200005fc                . = ALIGN (0x4)
                0x00000000200005fc                _edata = .

.tm_clone_table
                0x00000000200005fc        0x0 load address 0x000000000800b3c4
 .tm_clone_table
                0x00000000200005fc        0x0 d:/stm32/gnu mcu eclipse/arm embedded gcc/8.2.1-1.4-20190214-0604/bin/../lib/gcc/arm-none-eabi/8.2.1/thumb/v7-m/nofp/crtbegin.o
 .tm_clone_table
                0x00000000200005fc        0x0 d:/stm32/gnu mcu eclipse/arm embedded gcc/8.2.1-1.4-20190214-0604/bin/../lib/gcc/arm-none-eabi/8.2.1/thumb/v7-m/nofp/crtend.o

.igot.plt       0x00000000200005fc        0x0 load address 0x000000000800b3c4
 .igot.plt      0x00000000200005fc        0x0 d:/stm32/gnu mcu eclipse/arm embedded gcc/8.2.1-1.4-20190214-0604/bin/../lib/gcc/arm-none-eabi/8.2.1/thumb/v7-m/nofp/crtbegin.o
                0x00000000200005fc                . = ALIGN (0x4)

.bss            0x0000000020000600      0xf84 load address 0x000000000800b3c4
                0x0000000020000600                _sbss = .
                0x0000000020000600                __bss_start__ = _sbss
 *(.bss)
 *(.bss*)
 .bss.completed.6707
                0x0000000020000600        0x1 d:/stm32/gnu mcu eclipse/arm embedded gcc/8.2.1-1.4-20190214-0604/bin/../lib/gcc/arm-none-eabi/8.2.1/thumb/v7-m/nofp/crtbegin.o
 *fill*         0x0000000020000601        0x3 
 .bss.object.6712
                0x0000000020000604       0x18 d:/stm32/gnu mcu eclipse/arm embedded gcc/8.2.1-1.4-20190214-0604/bin/../lib/gcc/arm-none-eabi/8.2.1/thumb/v7-m/nofp/crtbegin.o
 .bss.HT_OK     0x000000002000061c        0x4 build/main.o
                0x000000002000061c                HT_OK
 .bss.OLED_OK   0x0000000020000620        0x1 build/main.o
                0x0000000020000620                OLED_OK
 .bss.edid      0x0000000020000621        0x1 build/main.o
                0x0000000020000621                edid
 .bss.lane_status
                0x0000000020000622        0x1 build/main.o
                0x0000000020000622                lane_status
 .bss.mode      0x0000000020000623        0x1 build/main.o
                0x0000000020000623                mode
 *fill*         0x0000000020000624        0x4 
 .bss.now       0x0000000020000628        0x8 build/main.o
                0x0000000020000628                now
 .bss.old_status
                0x0000000020000630        0x1 build/main.o
                0x0000000020000630                old_status
 .bss.packet_num
                0x0000000020000631        0x1 build/main.o
                0x0000000020000631                packet_num
 *fill*         0x0000000020000632        0x2 
 .bss.send_report
                0x0000000020000634       0x10 build/main.o
                0x0000000020000634                send_report
 .bss.stage     0x0000000020000644        0x1 build/main.o
                0x0000000020000644                stage
 .bss.status    0x0000000020000645        0x1 build/main.o
                0x0000000020000645                status
 .bss.target_edid
                0x0000000020000646        0x1 build/main.o
                0x0000000020000646                target_edid
 .bss.target_mode
                0x0000000020000647        0x1 build/main.o
                0x0000000020000647                target_mode
 .bss.mem.8344  0x0000000020000648       0x58 build/usbd_conf.o
 .bss.buffer.6855
                0x00000000200006a0        0x2 build/bno055.o
 .bss.cfgidx.8242
                0x00000000200006a2        0x1 build/usbd_ctlreq.o
 .bss.ifalt.8294
                0x00000000200006a3        0x1 build/usbd_cdc.o
 .bss.RxBuffer  0x00000000200006a4       0x4c build/usbd_cdc_if.o
 .bss.HMDready  0x00000000200006f0        0x1 build/hardware.o
                0x00000000200006f0                HMDready
 .bss.OledNeedUpdate
                0x00000000200006f1        0x1 build/hardware.o
                0x00000000200006f1                OledNeedUpdate
 .bss.button_a_is_pressed
                0x00000000200006f2        0x1 build/hardware.o
                0x00000000200006f2                button_a_is_pressed
 .bss.button_a_press_cntr
                0x00000000200006f3        0x1 build/hardware.o
                0x00000000200006f3                button_a_press_cntr
 .bss.button_b_is_pressed
                0x00000000200006f4        0x1 build/hardware.o
                0x00000000200006f4                button_b_is_pressed
 .bss.button_b_press_cntr
                0x00000000200006f5        0x1 build/hardware.o
                0x00000000200006f5                button_b_press_cntr
 *fill*         0x00000000200006f6        0x2 
 .bss.SSD1306   0x00000000200006f8        0x6 build/ssd1306.o
 *fill*         0x00000000200006fe        0x2 
 .bss.SSD1306_Buffer_all
                0x0000000020000700      0x201 build/ssd1306.o
 *fill*         0x0000000020000901        0x3 
 .bss.__malloc_free_list
                0x0000000020000904        0x4 d:/stm32/gnu mcu eclipse/arm embedded gcc/8.2.1-1.4-20190214-0604/bin/../lib/gcc/arm-none-eabi/8.2.1/../../../../arm-none-eabi/lib/thumb/v7-m/nofp\libc_nano.a(lib_a-nano-mallocr.o)
                0x0000000020000904                __malloc_free_list
 .bss.__malloc_sbrk_start
                0x0000000020000908        0x4 d:/stm32/gnu mcu eclipse/arm embedded gcc/8.2.1-1.4-20190214-0604/bin/../lib/gcc/arm-none-eabi/8.2.1/../../../../arm-none-eabi/lib/thumb/v7-m/nofp\libc_nano.a(lib_a-nano-mallocr.o)
                0x0000000020000908                __malloc_sbrk_start
 .bss.heap_end.4194
                0x000000002000090c        0x4 d:/stm32/gnu mcu eclipse/arm embedded gcc/8.2.1-1.4-20190214-0604/bin/../lib/gcc/arm-none-eabi/8.2.1/../../../../arm-none-eabi/lib/thumb/v7-m/nofp\libnosys.a(sbrk.o)
 *(COMMON)
 COMMON         0x0000000020000910      0x53c build/main.o
                0x0000000020000910                hUsbDeviceFS
                0x0000000020000bd4                QuatYbyte
                0x0000000020000bd8                Position
                0x0000000020000be4                prevPosition
                0x0000000020000bf0                vzero
                0x0000000020000bfc                QuatY
                0x0000000020000c00                Code
                0x0000000020000c02                test_result
                0x0000000020000c04                QuatZbyte
                0x0000000020000c08                quatCount
                0x0000000020000c18                f_report
                0x0000000020000c28                prevVelocity
                0x0000000020000c34                QuatX
                0x0000000020000c38                QuatZ
                0x0000000020000c3c                dataToSend
                0x0000000020000c4c                bufArd
                0x0000000020000c6c                LINACCOLD
                0x0000000020000c78                Gxbyte
                0x0000000020000c7a                QuatXbyte
                0x0000000020000c7c                QuatWbyte
                0x0000000020000c80                QuatW
                0x0000000020000c84                test
                0x0000000020000c88                Euler
                0x0000000020000c94                AbsOld
                0x0000000020000ca0                EulerF2
                0x0000000020000cac                spi_rx
                0x0000000020000d4c                Gybyte
                0x0000000020000d50                Abs
                0x0000000020000d5c                prevAccel
                0x0000000020000d68                spi_tx
                0x0000000020000e08                error
                0x0000000020000e0c                nevalgo
                0x0000000020000e18                LINACC
                0x0000000020000e24                Gzbyte
                0x0000000020000e28                EulerF
                0x0000000020000e34                szero
                0x0000000020000e40                newVelocity
 COMMON         0x0000000020000e4c        0x4 build/stm32f1xx_hal.o
                0x0000000020000e4c                uwTick
 COMMON         0x0000000020000e50      0x26c build/usbd_conf.o
                0x0000000020000e50                hpcd_USB_FS
 COMMON         0x00000000200010bc      0x200 build/usbd_desc.o
                0x00000000200010bc                USBD_StrDesc
 COMMON         0x00000000200012bc        0xe build/bno055.o
                0x00000000200012bc                bufferquat
                0x00000000200012c4                buffer
 *fill*         0x00000000200012ca        0x2 
 COMMON         0x00000000200012cc       0x84 build/usbd_cdc_if.o
                0x00000000200012cc                VCPInitialized
                0x00000000200012d0                UserRxBufferFS
                0x0000000020001310                UserTxBufferFS
 COMMON         0x0000000020001350      0x221 build/SerialTrans.o
                0x0000000020001350                tmp
                0x00000000200013f0                uart_tx
                0x0000000020001490                uart_rx
                0x0000000020001530                cmd
 *fill*         0x0000000020001571        0x3 
 COMMON         0x0000000020001574        0x4 d:/stm32/gnu mcu eclipse/arm embedded gcc/8.2.1-1.4-20190214-0604/bin/../lib/gcc/arm-none-eabi/8.2.1/../../../../arm-none-eabi/lib/thumb/v7-m/nofp\libc_nano.a(lib_a-reent.o)
                0x0000000020001574                errno
 COMMON         0x0000000020001578        0x9 d:/stm32/gnu mcu eclipse/arm embedded gcc/8.2.1-1.4-20190214-0604/bin/../lib/gcc/arm-none-eabi/8.2.1/../../../../arm-none-eabi/lib/thumb/v7-m/nofp\libc_nano.a(lib_a-lock.o)
                0x0000000020001578                __lock___atexit_recursive_mutex
                0x0000000020001579                __lock___arc4random_mutex
                0x000000002000157a                __lock___env_recursive_mutex
                0x000000002000157b                __lock___sinit_recursive_mutex
                0x000000002000157c                __lock___malloc_recursive_mutex
                0x000000002000157d                __lock___at_quick_exit_mutex
                0x000000002000157e                __lock___dd_hash_mutex
                0x000000002000157f                __lock___tz_mutex
                0x0000000020001580                __lock___sfp_recursive_mutex
                0x0000000020001584                . = ALIGN (0x4)
 *fill*         0x0000000020001581        0x3 
                0x0000000020001584                _ebss = .
                0x0000000020001584                __bss_end__ = _ebss

._user_heap_stack
                0x0000000020001584     0x3004 load address 0x000000000800b3c4
                0x0000000020001588                . = ALIGN (0x8)
 *fill*         0x0000000020001584        0x4 
                0x0000000020001588                PROVIDE (end = .)
                [!provide]                        PROVIDE (_end = .)
                0x0000000020002588                . = (. + _Min_Heap_Size)
 *fill*         0x0000000020001588     0x1000 
                0x0000000020004588                . = (. + _Min_Stack_Size)
 *fill*         0x0000000020002588     0x2000 
                0x0000000020004588                . = ALIGN (0x8)

/DISCARD/
 libc.a(*)
 libm.a(*)
 libgcc.a(*)

.ARM.attributes
                0x0000000000000000       0x29
 *(.ARM.attributes)
 .ARM.attributes
                0x0000000000000000       0x1d d:/stm32/gnu mcu eclipse/arm embedded gcc/8.2.1-1.4-20190214-0604/bin/../lib/gcc/arm-none-eabi/8.2.1/thumb/v7-m/nofp/crti.o
 .ARM.attributes
                0x000000000000001d       0x2d d:/stm32/gnu mcu eclipse/arm embedded gcc/8.2.1-1.4-20190214-0604/bin/../lib/gcc/arm-none-eabi/8.2.1/thumb/v7-m/nofp/crtbegin.o
 .ARM.attributes
                0x000000000000004a       0x2d build/main.o
 .ARM.attributes
                0x0000000000000077       0x2d build/stm32f1xx_it.o
 .ARM.attributes
                0x00000000000000a4       0x2d build/stm32f1xx_hal_msp.o
 .ARM.attributes
                0x00000000000000d1       0x2d build/stm32f1xx_hal_pcd.o
 .ARM.attributes
                0x00000000000000fe       0x2d build/stm32f1xx_hal_pcd_ex.o
 .ARM.attributes
                0x000000000000012b       0x2d build/stm32f1xx_ll_usb.o
 .ARM.attributes
                0x0000000000000158       0x2d build/stm32f1xx_hal.o
 .ARM.attributes
                0x0000000000000185       0x2d build/stm32f1xx_hal_rcc.o
 .ARM.attributes
                0x00000000000001b2       0x2d build/stm32f1xx_hal_rcc_ex.o
 .ARM.attributes
                0x00000000000001df       0x2d build/stm32f1xx_hal_gpio.o
 .ARM.attributes
                0x000000000000020c       0x2d build/stm32f1xx_hal_cortex.o
 .ARM.attributes
                0x0000000000000239       0x2d build/system_stm32f1xx.o
 .ARM.attributes
                0x0000000000000266       0x2d build/usb_device.o
 .ARM.attributes
                0x0000000000000293       0x2d build/usbd_conf.o
 .ARM.attributes
                0x00000000000002c0       0x2d build/usbd_desc.o
 .ARM.attributes
                0x00000000000002ed       0x2d build/usbd_core.o
 .ARM.attributes
                0x000000000000031a       0x2d build/Toshiba_TC358870_china.o
 .ARM.attributes
                0x0000000000000347       0x33 build/fonts.o
 .ARM.attributes
                0x000000000000037a       0x2d build/bno055.o
 .ARM.attributes
                0x00000000000003a7       0x2d build/usbd_ctlreq.o
 .ARM.attributes
                0x00000000000003d4       0x2d build/usbd_ioreq.o
 .ARM.attributes
                0x0000000000000401       0x2d build/usbd_cdc.o
 .ARM.attributes
                0x000000000000042e       0x2d build/usbd_cdc_hid.o
 .ARM.attributes
                0x000000000000045b       0x2d build/usbd_cdc_if.o
 .ARM.attributes
                0x0000000000000488       0x2d build/SerialTrans.o
 .ARM.attributes
                0x00000000000004b5       0x2d build/hardware.o
 .ARM.attributes
                0x00000000000004e2       0x2d build/i2cSoft.o
 .ARM.attributes
                0x000000000000050f       0x2d build/usbd_custom_hid_if.o
 .ARM.attributes
                0x000000000000053c       0x2d build/ssd1306.o
 .ARM.attributes
                0x0000000000000569       0x2d build/usbd_customhid.o
 .ARM.attributes
                0x0000000000000596       0x21 build/startup_stm32f103xb.o
 .ARM.attributes
                0x00000000000005b7       0x2d d:/stm32/gnu mcu eclipse/arm embedded gcc/8.2.1-1.4-20190214-0604/bin/../lib/gcc/arm-none-eabi/8.2.1/../../../../arm-none-eabi/lib/thumb/v7-m/nofp\libc_nano.a(lib_a-impure.o)
 .ARM.attributes
                0x00000000000005e4       0x2d d:/stm32/gnu mcu eclipse/arm embedded gcc/8.2.1-1.4-20190214-0604/bin/../lib/gcc/arm-none-eabi/8.2.1/../../../../arm-none-eabi/lib/thumb/v7-m/nofp\libc_nano.a(lib_a-init.o)
 .ARM.attributes
                0x0000000000000611       0x2d d:/stm32/gnu mcu eclipse/arm embedded gcc/8.2.1-1.4-20190214-0604/bin/../lib/gcc/arm-none-eabi/8.2.1/../../../../arm-none-eabi/lib/thumb/v7-m/nofp\libc_nano.a(lib_a-itoa.o)
 .ARM.attributes
                0x000000000000063e       0x2d d:/stm32/gnu mcu eclipse/arm embedded gcc/8.2.1-1.4-20190214-0604/bin/../lib/gcc/arm-none-eabi/8.2.1/../../../../arm-none-eabi/lib/thumb/v7-m/nofp\libc_nano.a(lib_a-memcpy-stub.o)
 .ARM.attributes
                0x000000000000066b       0x2d d:/stm32/gnu mcu eclipse/arm embedded gcc/8.2.1-1.4-20190214-0604/bin/../lib/gcc/arm-none-eabi/8.2.1/../../../../arm-none-eabi/lib/thumb/v7-m/nofp\libc_nano.a(lib_a-memset.o)
 .ARM.attributes
                0x0000000000000698       0x2d d:/stm32/gnu mcu eclipse/arm embedded gcc/8.2.1-1.4-20190214-0604/bin/../lib/gcc/arm-none-eabi/8.2.1/../../../../arm-none-eabi/lib/thumb/v7-m/nofp\libc_nano.a(lib_a-sprintf.o)
 .ARM.attributes
                0x00000000000006c5       0x2d d:/stm32/gnu mcu eclipse/arm embedded gcc/8.2.1-1.4-20190214-0604/bin/../lib/gcc/arm-none-eabi/8.2.1/../../../../arm-none-eabi/lib/thumb/v7-m/nofp\libc_nano.a(lib_a-utoa.o)
 .ARM.attributes
                0x00000000000006f2       0x2d d:/stm32/gnu mcu eclipse/arm embedded gcc/8.2.1-1.4-20190214-0604/bin/../lib/gcc/arm-none-eabi/8.2.1/../../../../arm-none-eabi/lib/thumb/v7-m/nofp\libc_nano.a(lib_a-nano-svfprintf.o)
 .ARM.attributes
                0x000000000000071f       0x2d d:/stm32/gnu mcu eclipse/arm embedded gcc/8.2.1-1.4-20190214-0604/bin/../lib/gcc/arm-none-eabi/8.2.1/../../../../arm-none-eabi/lib/thumb/v7-m/nofp\libc_nano.a(lib_a-nano-vfprintf_i.o)
 .ARM.attributes
                0x000000000000074c       0x2d d:/stm32/gnu mcu eclipse/arm embedded gcc/8.2.1-1.4-20190214-0604/bin/../lib/gcc/arm-none-eabi/8.2.1/../../../../arm-none-eabi/lib/thumb/v7-m/nofp\libc_nano.a(lib_a-memchr-stub.o)
 .ARM.attributes
                0x0000000000000779       0x2d d:/stm32/gnu mcu eclipse/arm embedded gcc/8.2.1-1.4-20190214-0604/bin/../lib/gcc/arm-none-eabi/8.2.1/../../../../arm-none-eabi/lib/thumb/v7-m/nofp\libc_nano.a(lib_a-memmove.o)
 .ARM.attributes
                0x00000000000007a6       0x2d d:/stm32/gnu mcu eclipse/arm embedded gcc/8.2.1-1.4-20190214-0604/bin/../lib/gcc/arm-none-eabi/8.2.1/../../../../arm-none-eabi/lib/thumb/v7-m/nofp\libc_nano.a(lib_a-nano-freer.o)
 .ARM.attributes
                0x00000000000007d3       0x2d d:/stm32/gnu mcu eclipse/arm embedded gcc/8.2.1-1.4-20190214-0604/bin/../lib/gcc/arm-none-eabi/8.2.1/../../../../arm-none-eabi/lib/thumb/v7-m/nofp\libc_nano.a(lib_a-nano-mallocr.o)
 .ARM.attributes
                0x0000000000000800       0x2d d:/stm32/gnu mcu eclipse/arm embedded gcc/8.2.1-1.4-20190214-0604/bin/../lib/gcc/arm-none-eabi/8.2.1/../../../../arm-none-eabi/lib/thumb/v7-m/nofp\libc_nano.a(lib_a-nano-reallocr.o)
 .ARM.attributes
                0x000000000000082d       0x2d d:/stm32/gnu mcu eclipse/arm embedded gcc/8.2.1-1.4-20190214-0604/bin/../lib/gcc/arm-none-eabi/8.2.1/../../../../arm-none-eabi/lib/thumb/v7-m/nofp\libc_nano.a(lib_a-sbrkr.o)
 .ARM.attributes
                0x000000000000085a       0x2d d:/stm32/gnu mcu eclipse/arm embedded gcc/8.2.1-1.4-20190214-0604/bin/../lib/gcc/arm-none-eabi/8.2.1/../../../../arm-none-eabi/lib/thumb/v7-m/nofp\libc_nano.a(lib_a-mlock.o)
 .ARM.attributes
                0x0000000000000887       0x2d d:/stm32/gnu mcu eclipse/arm embedded gcc/8.2.1-1.4-20190214-0604/bin/../lib/gcc/arm-none-eabi/8.2.1/../../../../arm-none-eabi/lib/thumb/v7-m/nofp\libc_nano.a(lib_a-nano-msizer.o)
 .ARM.attributes
                0x00000000000008b4       0x2d d:/stm32/gnu mcu eclipse/arm embedded gcc/8.2.1-1.4-20190214-0604/bin/../lib/gcc/arm-none-eabi/8.2.1/../../../../arm-none-eabi/lib/thumb/v7-m/nofp\libc_nano.a(lib_a-reent.o)
 .ARM.attributes
                0x00000000000008e1       0x2d d:/stm32/gnu mcu eclipse/arm embedded gcc/8.2.1-1.4-20190214-0604/bin/../lib/gcc/arm-none-eabi/8.2.1/../../../../arm-none-eabi/lib/thumb/v7-m/nofp\libc_nano.a(lib_a-lock.o)
 .ARM.attributes
                0x000000000000090e       0x2d d:/stm32/gnu mcu eclipse/arm embedded gcc/8.2.1-1.4-20190214-0604/bin/../lib/gcc/arm-none-eabi/8.2.1/../../../../arm-none-eabi/lib/thumb/v7-m/nofp\libnosys.a(sbrk.o)
 .ARM.attributes
                0x000000000000093b       0x1d d:/stm32/gnu mcu eclipse/arm embedded gcc/8.2.1-1.4-20190214-0604/bin/../lib/gcc/arm-none-eabi/8.2.1/thumb/v7-m/nofp\libgcc.a(_aeabi_uldivmod.o)
 .ARM.attributes
                0x0000000000000958       0x2d d:/stm32/gnu mcu eclipse/arm embedded gcc/8.2.1-1.4-20190214-0604/bin/../lib/gcc/arm-none-eabi/8.2.1/thumb/v7-m/nofp\libgcc.a(_udivmoddi4.o)
 .ARM.attributes
                0x0000000000000985       0x1d d:/stm32/gnu mcu eclipse/arm embedded gcc/8.2.1-1.4-20190214-0604/bin/../lib/gcc/arm-none-eabi/8.2.1/thumb/v7-m/nofp\libgcc.a(_dvmd_tls.o)
 .ARM.attributes
                0x00000000000009a2       0x2d d:/stm32/gnu mcu eclipse/arm embedded gcc/8.2.1-1.4-20190214-0604/bin/../lib/gcc/arm-none-eabi/8.2.1/thumb/v7-m/nofp/crtend.o
 .ARM.attributes
                0x00000000000009cf       0x1d d:/stm32/gnu mcu eclipse/arm embedded gcc/8.2.1-1.4-20190214-0604/bin/../lib/gcc/arm-none-eabi/8.2.1/thumb/v7-m/nofp/crtn.o
OUTPUT(build/CONFU_VR.elf elf32-littlearm)

.debug_info     0x0000000000000000    0x25613
 .debug_info    0x0000000000000000     0x277f build/main.o
 .debug_info    0x000000000000277f      0x957 build/stm32f1xx_it.o
 .debug_info    0x00000000000030d6      0x4a8 build/stm32f1xx_hal_msp.o
 .debug_info    0x000000000000357e     0x15f3 build/stm32f1xx_hal_pcd.o
 .debug_info    0x0000000000004b71      0x879 build/stm32f1xx_hal_pcd_ex.o
 .debug_info    0x00000000000053ea     0x1a01 build/stm32f1xx_ll_usb.o
 .debug_info    0x0000000000006deb      0x8c6 build/stm32f1xx_hal.o
 .debug_info    0x00000000000076b1      0xb5f build/stm32f1xx_hal_rcc.o
 .debug_info    0x0000000000008210      0x533 build/stm32f1xx_hal_rcc_ex.o
 .debug_info    0x0000000000008743      0x7a8 build/stm32f1xx_hal_gpio.o
 .debug_info    0x0000000000008eeb      0xefb build/stm32f1xx_hal_cortex.o
 .debug_info    0x0000000000009de6      0x4cf build/system_stm32f1xx.o
 .debug_info    0x000000000000a2b5     0x13d7 build/usb_device.o
 .debug_info    0x000000000000b68c     0x2990 build/usbd_conf.o
 .debug_info    0x000000000000e01c     0x1210 build/usbd_desc.o
 .debug_info    0x000000000000f22c     0x1a4f build/usbd_core.o
 .debug_info    0x0000000000010c7b     0x26b8 build/Toshiba_TC358870_china.o
 .debug_info    0x0000000000013333      0x2a4 build/fonts.o
 .debug_info    0x00000000000135d7     0x16df build/bno055.o
 .debug_info    0x0000000000014cb6     0x1d44 build/usbd_ctlreq.o
 .debug_info    0x00000000000169fa     0x145c build/usbd_ioreq.o
 .debug_info    0x0000000000017e56     0x1c39 build/usbd_cdc.o
 .debug_info    0x0000000000019a8f     0x1804 build/usbd_cdc_hid.o
 .debug_info    0x000000000001b293     0x1694 build/usbd_cdc_if.o
 .debug_info    0x000000000001c927     0x1a71 build/SerialTrans.o
 .debug_info    0x000000000001e398     0x203f build/hardware.o
 .debug_info    0x00000000000203d7     0x1580 build/i2cSoft.o
 .debug_info    0x0000000000021957     0x15ca build/usbd_custom_hid_if.o
 .debug_info    0x0000000000022f21      0xcb5 build/ssd1306.o
 .debug_info    0x0000000000023bd6     0x1a1b build/usbd_customhid.o
 .debug_info    0x00000000000255f1       0x22 build/startup_stm32f103xb.o

.debug_abbrev   0x0000000000000000     0x5083
 .debug_abbrev  0x0000000000000000      0x425 build/main.o
 .debug_abbrev  0x0000000000000425      0x195 build/stm32f1xx_it.o
 .debug_abbrev  0x00000000000005ba      0x143 build/stm32f1xx_hal_msp.o
 .debug_abbrev  0x00000000000006fd      0x2fd build/stm32f1xx_hal_pcd.o
 .debug_abbrev  0x00000000000009fa      0x1b1 build/stm32f1xx_hal_pcd_ex.o
 .debug_abbrev  0x0000000000000bab      0x28f build/stm32f1xx_ll_usb.o
 .debug_abbrev  0x0000000000000e3a      0x22f build/stm32f1xx_hal.o
 .debug_abbrev  0x0000000000001069      0x2ad build/stm32f1xx_hal_rcc.o
 .debug_abbrev  0x0000000000001316      0x1fb build/stm32f1xx_hal_rcc_ex.o
 .debug_abbrev  0x0000000000001511      0x24f build/stm32f1xx_hal_gpio.o
 .debug_abbrev  0x0000000000001760      0x38a build/stm32f1xx_hal_cortex.o
 .debug_abbrev  0x0000000000001aea      0x153 build/system_stm32f1xx.o
 .debug_abbrev  0x0000000000001c3d      0x228 build/usb_device.o
 .debug_abbrev  0x0000000000001e65      0x393 build/usbd_conf.o
 .debug_abbrev  0x00000000000021f8      0x333 build/usbd_desc.o
 .debug_abbrev  0x000000000000252b      0x329 build/usbd_core.o
 .debug_abbrev  0x0000000000002854      0x2d2 build/Toshiba_TC358870_china.o
 .debug_abbrev  0x0000000000002b26       0xe9 build/fonts.o
 .debug_abbrev  0x0000000000002c0f      0x39e build/bno055.o
 .debug_abbrev  0x0000000000002fad      0x39a build/usbd_ctlreq.o
 .debug_abbrev  0x0000000000003347      0x23c build/usbd_ioreq.o
 .debug_abbrev  0x0000000000003583      0x357 build/usbd_cdc.o
 .debug_abbrev  0x00000000000038da      0x2cc build/usbd_cdc_hid.o
 .debug_abbrev  0x0000000000003ba6      0x36d build/usbd_cdc_if.o
 .debug_abbrev  0x0000000000003f13      0x307 build/SerialTrans.o
 .debug_abbrev  0x000000000000421a      0x2cb build/hardware.o
 .debug_abbrev  0x00000000000044e5      0x2b8 build/i2cSoft.o
 .debug_abbrev  0x000000000000479d      0x2ff build/usbd_custom_hid_if.o
 .debug_abbrev  0x0000000000004a9c      0x286 build/ssd1306.o
 .debug_abbrev  0x0000000000004d22      0x34f build/usbd_customhid.o
 .debug_abbrev  0x0000000000005071       0x12 build/startup_stm32f103xb.o

.debug_loc      0x0000000000000000     0xb2b4
 .debug_loc     0x0000000000000000      0x2a4 build/main.o
 .debug_loc     0x00000000000002a4       0x40 build/stm32f1xx_it.o
 .debug_loc     0x00000000000002e4       0x41 build/stm32f1xx_hal_msp.o
 .debug_loc     0x0000000000000325      0xf48 build/stm32f1xx_hal_pcd.o
 .debug_loc     0x000000000000126d      0x11a build/stm32f1xx_hal_pcd_ex.o
 .debug_loc     0x0000000000001387     0x14fc build/stm32f1xx_ll_usb.o
 .debug_loc     0x0000000000002883      0x1c8 build/stm32f1xx_hal.o
 .debug_loc     0x0000000000002a4b      0x7e6 build/stm32f1xx_hal_rcc.o
 .debug_loc     0x0000000000003231      0x405 build/stm32f1xx_hal_rcc_ex.o
 .debug_loc     0x0000000000003636      0x50e build/stm32f1xx_hal_gpio.o
 .debug_loc     0x0000000000003b44      0x76b build/stm32f1xx_hal_cortex.o
 .debug_loc     0x00000000000042af       0xff build/system_stm32f1xx.o
 .debug_loc     0x00000000000043ae       0x20 build/usb_device.o
 .debug_loc     0x00000000000043ce      0xeca build/usbd_conf.o
 .debug_loc     0x0000000000005298      0x47b build/usbd_desc.o
 .debug_loc     0x0000000000005713      0x9d9 build/usbd_core.o
 .debug_loc     0x00000000000060ec      0x1aa build/Toshiba_TC358870_china.o
 .debug_loc     0x0000000000006296      0x62d build/bno055.o
 .debug_loc     0x00000000000068c3     0x14a3 build/usbd_ctlreq.o
 .debug_loc     0x0000000000007d66      0x364 build/usbd_ioreq.o
 .debug_loc     0x00000000000080ca      0x6f6 build/usbd_cdc.o
 .debug_loc     0x00000000000087c0      0x398 build/usbd_cdc_hid.o
 .debug_loc     0x0000000000008b58      0x311 build/usbd_cdc_if.o
 .debug_loc     0x0000000000008e69      0x1e6 build/SerialTrans.o
 .debug_loc     0x000000000000904f      0x31c build/hardware.o
 .debug_loc     0x000000000000936b      0xe11 build/i2cSoft.o
 .debug_loc     0x000000000000a17c      0x17e build/usbd_custom_hid_if.o
 .debug_loc     0x000000000000a2fa      0x852 build/ssd1306.o
 .debug_loc     0x000000000000ab4c      0x768 build/usbd_customhid.o

.debug_aranges  0x0000000000000000      0xe58
 .debug_aranges
                0x0000000000000000       0x78 build/main.o
 .debug_aranges
                0x0000000000000078       0x68 build/stm32f1xx_it.o
 .debug_aranges
                0x00000000000000e0       0x20 build/stm32f1xx_hal_msp.o
 .debug_aranges
                0x0000000000000100      0x120 build/stm32f1xx_hal_pcd.o
 .debug_aranges
                0x0000000000000220       0x38 build/stm32f1xx_hal_pcd_ex.o
 .debug_aranges
                0x0000000000000258      0x108 build/stm32f1xx_ll_usb.o
 .debug_aranges
                0x0000000000000360       0xe0 build/stm32f1xx_hal.o
 .debug_aranges
                0x0000000000000440       0x90 build/stm32f1xx_hal_rcc.o
 .debug_aranges
                0x00000000000004d0       0x30 build/stm32f1xx_hal_rcc_ex.o
 .debug_aranges
                0x0000000000000500       0x58 build/stm32f1xx_hal_gpio.o
 .debug_aranges
                0x0000000000000558       0x90 build/stm32f1xx_hal_cortex.o
 .debug_aranges
                0x00000000000005e8       0x28 build/system_stm32f1xx.o
 .debug_aranges
                0x0000000000000610       0x20 build/usb_device.o
 .debug_aranges
                0x0000000000000630      0x118 build/usbd_conf.o
 .debug_aranges
                0x0000000000000748       0x60 build/usbd_desc.o
 .debug_aranges
                0x00000000000007a8       0xb8 build/usbd_core.o
 .debug_aranges
                0x0000000000000860       0x58 build/Toshiba_TC358870_china.o
 .debug_aranges
                0x00000000000008b8       0x18 build/fonts.o
 .debug_aranges
                0x00000000000008d0       0x80 build/bno055.o
 .debug_aranges
                0x0000000000000950       0x88 build/usbd_ctlreq.o
 .debug_aranges
                0x00000000000009d8       0x50 build/usbd_ioreq.o
 .debug_aranges
                0x0000000000000a28       0x90 build/usbd_cdc.o
 .debug_aranges
                0x0000000000000ab8       0x60 build/usbd_cdc_hid.o
 .debug_aranges
                0x0000000000000b18       0x50 build/usbd_cdc_if.o
 .debug_aranges
                0x0000000000000b68       0x40 build/SerialTrans.o
 .debug_aranges
                0x0000000000000ba8       0x88 build/hardware.o
 .debug_aranges
                0x0000000000000c30       0xf0 build/i2cSoft.o
 .debug_aranges
                0x0000000000000d20       0x40 build/usbd_custom_hid_if.o
 .debug_aranges
                0x0000000000000d60       0x68 build/ssd1306.o
 .debug_aranges
                0x0000000000000dc8       0x68 build/usbd_customhid.o
 .debug_aranges
                0x0000000000000e30       0x28 build/startup_stm32f103xb.o

.debug_ranges   0x0000000000000000      0xe98
 .debug_ranges  0x0000000000000000       0x68 build/main.o
 .debug_ranges  0x0000000000000068       0x58 build/stm32f1xx_it.o
 .debug_ranges  0x00000000000000c0       0x10 build/stm32f1xx_hal_msp.o
 .debug_ranges  0x00000000000000d0      0x140 build/stm32f1xx_hal_pcd.o
 .debug_ranges  0x0000000000000210       0x28 build/stm32f1xx_hal_pcd_ex.o
 .debug_ranges  0x0000000000000238      0x218 build/stm32f1xx_ll_usb.o
 .debug_ranges  0x0000000000000450       0xd0 build/stm32f1xx_hal.o
 .debug_ranges  0x0000000000000520       0xa0 build/stm32f1xx_hal_rcc.o
 .debug_ranges  0x00000000000005c0       0x38 build/stm32f1xx_hal_rcc_ex.o
 .debug_ranges  0x00000000000005f8       0x48 build/stm32f1xx_hal_gpio.o
 .debug_ranges  0x0000000000000640       0xc8 build/stm32f1xx_hal_cortex.o
 .debug_ranges  0x0000000000000708       0x18 build/system_stm32f1xx.o
 .debug_ranges  0x0000000000000720       0x10 build/usb_device.o
 .debug_ranges  0x0000000000000730      0x108 build/usbd_conf.o
 .debug_ranges  0x0000000000000838       0x50 build/usbd_desc.o
 .debug_ranges  0x0000000000000888       0xa8 build/usbd_core.o
 .debug_ranges  0x0000000000000930       0x48 build/Toshiba_TC358870_china.o
 .debug_ranges  0x0000000000000978       0x70 build/bno055.o
 .debug_ranges  0x00000000000009e8       0x78 build/usbd_ctlreq.o
 .debug_ranges  0x0000000000000a60       0x40 build/usbd_ioreq.o
 .debug_ranges  0x0000000000000aa0       0x80 build/usbd_cdc.o
 .debug_ranges  0x0000000000000b20       0x50 build/usbd_cdc_hid.o
 .debug_ranges  0x0000000000000b70       0x58 build/usbd_cdc_if.o
 .debug_ranges  0x0000000000000bc8       0x60 build/SerialTrans.o
 .debug_ranges  0x0000000000000c28       0x90 build/hardware.o
 .debug_ranges  0x0000000000000cb8       0xe0 build/i2cSoft.o
 .debug_ranges  0x0000000000000d98       0x30 build/usbd_custom_hid_if.o
 .debug_ranges  0x0000000000000dc8       0x58 build/ssd1306.o
 .debug_ranges  0x0000000000000e20       0x58 build/usbd_customhid.o
 .debug_ranges  0x0000000000000e78       0x20 build/startup_stm32f103xb.o

.debug_line     0x0000000000000000     0xd680
 .debug_line    0x0000000000000000      0xbba build/main.o
 .debug_line    0x0000000000000bba      0x301 build/stm32f1xx_it.o
 .debug_line    0x0000000000000ebb      0x1f3 build/stm32f1xx_hal_msp.o
 .debug_line    0x00000000000010ae      0xf3f build/stm32f1xx_hal_pcd.o
 .debug_line    0x0000000000001fed      0x2e2 build/stm32f1xx_hal_pcd_ex.o
 .debug_line    0x00000000000022cf      0xfec build/stm32f1xx_ll_usb.o
 .debug_line    0x00000000000032bb      0x526 build/stm32f1xx_hal.o
 .debug_line    0x00000000000037e1      0xbf3 build/stm32f1xx_hal_rcc.o
 .debug_line    0x00000000000043d4      0x4e0 build/stm32f1xx_hal_rcc_ex.o
 .debug_line    0x00000000000048b4      0x639 build/stm32f1xx_hal_gpio.o
 .debug_line    0x0000000000004eed      0x67b build/stm32f1xx_hal_cortex.o
 .debug_line    0x0000000000005568      0x2d6 build/system_stm32f1xx.o
 .debug_line    0x000000000000583e      0x43e build/usb_device.o
 .debug_line    0x0000000000005c7c      0x962 build/usbd_conf.o
 .debug_line    0x00000000000065de      0x4f6 build/usbd_desc.o
 .debug_line    0x0000000000006ad4      0x8dc build/usbd_core.o
 .debug_line    0x00000000000073b0      0x581 build/Toshiba_TC358870_china.o
 .debug_line    0x0000000000007931      0x1d0 build/fonts.o
 .debug_line    0x0000000000007b01      0x775 build/bno055.o
 .debug_line    0x0000000000008276      0xd01 build/usbd_ctlreq.o
 .debug_line    0x0000000000008f77      0x443 build/usbd_ioreq.o
 .debug_line    0x00000000000093ba      0x888 build/usbd_cdc.o
 .debug_line    0x0000000000009c42      0x5ad build/usbd_cdc_hid.o
 .debug_line    0x000000000000a1ef      0x533 build/usbd_cdc_if.o
 .debug_line    0x000000000000a722      0x5a8 build/SerialTrans.o
 .debug_line    0x000000000000acca      0x8fa build/hardware.o
 .debug_line    0x000000000000b5c4      0xc9e build/i2cSoft.o
 .debug_line    0x000000000000c262      0x472 build/usbd_custom_hid_if.o
 .debug_line    0x000000000000c6d4      0x74f build/ssd1306.o
 .debug_line    0x000000000000ce23      0x7eb build/usbd_customhid.o
 .debug_line    0x000000000000d60e       0x72 build/startup_stm32f103xb.o

.debug_str      0x0000000000000000     0x410a
 .debug_str     0x0000000000000000     0x116f build/main.o
                                       0x1317 (size before relaxing)
 .debug_str     0x000000000000116f      0x40e build/stm32f1xx_it.o
                                        0x733 (size before relaxing)
 .debug_str     0x000000000000157d       0x48 build/stm32f1xx_hal_msp.o
                                        0x39c (size before relaxing)
 .debug_str     0x00000000000015c5      0x4f1 build/stm32f1xx_hal_pcd.o
                                        0xacc (size before relaxing)
 .debug_str     0x0000000000001ab6      0x16d build/stm32f1xx_hal_pcd_ex.o
                                        0x762 (size before relaxing)
 .debug_str     0x0000000000001c23      0x19f build/stm32f1xx_ll_usb.o
                                        0x7cc (size before relaxing)
 .debug_str     0x0000000000001dc2      0x529 build/stm32f1xx_hal.o